Archive member included because of file (symbol)

C:/Freescale/CW MCU v11.1/MCU/ARM_GCC_Support/ewl/lib/armv6-m\libc.a(exit.o)
                              ./Project_Settings/Startup_Code/__arm_start.o (exit)
C:/Freescale/CW MCU v11.1/MCU/ARM_GCC_Support/ewl/lib/armv6-m\libc.a(memset.o)
                              ./Project_Settings/Startup_Code/__arm_start.o (memset)
C:/Freescale/CW MCU v11.1/MCU/ARM_GCC_Support/ewl/lib/armv6-m\libc.a(__filll_mem.o)
                              C:/Freescale/CW MCU v11.1/MCU/ARM_GCC_Support/ewl/lib/armv6-m\libc.a(memset.o) (__fill_mem)
C:/Freescale/CW MCU v11.1/MCU/ARM_GCC_Support/ewl/lib/armv6-m\libc.a(memcpy.o)
                              ./Sources/FreeRTOS/stream_buffer.o (memcpy)
C:/Freescale/CW MCU v11.1/MCU/ARM_GCC_Support/ewl/lib/armv6-m\libc.a(printformat_.o)
                              (__pformatter_)
C:/Freescale/CW MCU v11.1/MCU/ARM_GCC_Support/ewl/lib/armv6-m\libc.a(scanformat_.o)
                              (__sformatter)
C:/Freescale/CW MCU v11.1/MCU/ARM_GCC_Support/ewl/lib/armv6-m\libc.a(ctype_aeabi.o)
                              C:/Freescale/CW MCU v11.1/MCU/ARM_GCC_Support/ewl/lib/armv6-m\libc.a(scanformat_.o) (isspace)
C:/Freescale/CW MCU v11.1/MCU/ARM_GCC_Support/ewl/lib/armv6-m\libc.a(__strtoul.o)
                              C:/Freescale/CW MCU v11.1/MCU/ARM_GCC_Support/ewl/lib/armv6-m\libc.a(scanformat_.o) (__strtoul)
C:/Freescale/CW MCU v11.1/MCU/ARM_GCC_Support/ewl/lib/armv6-m\libc.a(strchr.o)
                              C:/Freescale/CW MCU v11.1/MCU/ARM_GCC_Support/ewl/lib/armv6-m\libc.a(printformat_.o) (strchr)
C:/Freescale/CW MCU v11.1/MCU/ARM_GCC_Support/ewl/lib/armv6-m\libc.a(strlen.o)
                              C:/Freescale/CW MCU v11.1/MCU/ARM_GCC_Support/ewl/lib/armv6-m\libc.a(printformat_.o) (strlen)
C:/Freescale/CW MCU v11.1/MCU/ARM_GCC_Support/ewl/lib/armv6-m\libc.a(memchr.o)
                              C:/Freescale/CW MCU v11.1/MCU/ARM_GCC_Support/ewl/lib/armv6-m\libc.a(printformat_.o) (memchr)
c:/freescale/cw mcu v11.1/cross_tools/arm-none-eabi-gcc-4_7_3/bin/../lib/gcc/arm-none-eabi/4.7.3/armv6-m\libgcc.a(_thumb1_case_sqi.o)
                              C:/Freescale/CW MCU v11.1/MCU/ARM_GCC_Support/ewl/lib/armv6-m\libc.a(__strtoul.o) (__gnu_thumb1_case_sqi)
c:/freescale/cw mcu v11.1/cross_tools/arm-none-eabi-gcc-4_7_3/bin/../lib/gcc/arm-none-eabi/4.7.3/armv6-m\libgcc.a(_thumb1_case_uqi.o)
                              C:/Freescale/CW MCU v11.1/MCU/ARM_GCC_Support/ewl/lib/armv6-m\libc.a(scanformat_.o) (__gnu_thumb1_case_uqi)
c:/freescale/cw mcu v11.1/cross_tools/arm-none-eabi-gcc-4_7_3/bin/../lib/gcc/arm-none-eabi/4.7.3/armv6-m\libgcc.a(_udivsi3.o)
                              ./Sources/FreeRTOS/queue.o (__aeabi_uidiv)
c:/freescale/cw mcu v11.1/cross_tools/arm-none-eabi-gcc-4_7_3/bin/../lib/gcc/arm-none-eabi/4.7.3/armv6-m\libgcc.a(_divsi3.o)
                              ./Sources/mcg.o (__aeabi_idiv)
c:/freescale/cw mcu v11.1/cross_tools/arm-none-eabi-gcc-4_7_3/bin/../lib/gcc/arm-none-eabi/4.7.3/armv6-m\libgcc.a(_dvmd_tls.o)
                              c:/freescale/cw mcu v11.1/cross_tools/arm-none-eabi-gcc-4_7_3/bin/../lib/gcc/arm-none-eabi/4.7.3/armv6-m\libgcc.a(_udivsi3.o) (__aeabi_idiv0)
c:/freescale/cw mcu v11.1/cross_tools/arm-none-eabi-gcc-4_7_3/bin/../lib/gcc/arm-none-eabi/4.7.3/armv6-m\libgcc.a(_fixunssfsi.o)
                              ./Sources/mcg.o (__aeabi_f2uiz)
c:/freescale/cw mcu v11.1/cross_tools/arm-none-eabi-gcc-4_7_3/bin/../lib/gcc/arm-none-eabi/4.7.3/armv6-m\libgcc.a(divsf3.o)
                              ./Sources/mcg.o (__aeabi_fdiv)
c:/freescale/cw mcu v11.1/cross_tools/arm-none-eabi-gcc-4_7_3/bin/../lib/gcc/arm-none-eabi/4.7.3/armv6-m\libgcc.a(mulsf3.o)
                              ./Sources/mcg.o (__aeabi_fmul)
c:/freescale/cw mcu v11.1/cross_tools/arm-none-eabi-gcc-4_7_3/bin/../lib/gcc/arm-none-eabi/4.7.3/armv6-m\libgcc.a(subsf3.o)
                              c:/freescale/cw mcu v11.1/cross_tools/arm-none-eabi-gcc-4_7_3/bin/../lib/gcc/arm-none-eabi/4.7.3/armv6-m\libgcc.a(_fixunssfsi.o) (__aeabi_fsub)
c:/freescale/cw mcu v11.1/cross_tools/arm-none-eabi-gcc-4_7_3/bin/../lib/gcc/arm-none-eabi/4.7.3/armv6-m\libgcc.a(fixsfsi.o)
                              c:/freescale/cw mcu v11.1/cross_tools/arm-none-eabi-gcc-4_7_3/bin/../lib/gcc/arm-none-eabi/4.7.3/armv6-m\libgcc.a(_fixunssfsi.o) (__aeabi_f2iz)
c:/freescale/cw mcu v11.1/cross_tools/arm-none-eabi-gcc-4_7_3/bin/../lib/gcc/arm-none-eabi/4.7.3/armv6-m\libgcc.a(floatsisf.o)
                              ./Sources/mcg.o (__aeabi_i2f)
c:/freescale/cw mcu v11.1/cross_tools/arm-none-eabi-gcc-4_7_3/bin/../lib/gcc/arm-none-eabi/4.7.3/armv6-m\libgcc.a(_arm_cmpsf2.o)
                              c:/freescale/cw mcu v11.1/cross_tools/arm-none-eabi-gcc-4_7_3/bin/../lib/gcc/arm-none-eabi/4.7.3/armv6-m\libgcc.a(_fixunssfsi.o) (__aeabi_fcmpge)
[...]
Memory Configuration

Name             Origin             Length             Attributes
m_interrupts     0x00000000         0x000000c0         xr
m_cfmprotrom     0x00000400         0x00000010         xr
m_text           0x00000800         0x0001f800         xr
m_data           0x1ffff000         0x00004000         xrw
*default*        0x00000000         0xffffffff

Linker script and memory map

LOAD ./Project_Settings/Startup_Code/kinetis_sysinit.o
LOAD ./Project_Settings/Startup_Code/__arm_start.o
LOAD ./Project_Settings/Startup_Code/__arm_end.o
LOAD ./Sources/FreeRTOS/portable/GCC/ARM_CM0/port.o
LOAD ./Sources/FreeRTOS/portable/MemMang/heap_1.o
LOAD ./Sources/FreeRTOS/timers.o
LOAD ./Sources/FreeRTOS/tasks.o
LOAD ./Sources/FreeRTOS/stream_buffer.o
LOAD ./Sources/FreeRTOS/queue.o
LOAD ./Sources/FreeRTOS/list.o
LOAD ./Sources/FreeRTOS/event_groups.o
LOAD ./Sources/FreeRTOS/croutine.o
LOAD ./Sources/sa_mtb.o
LOAD ./Sources/mcg.o
LOAD ./Sources/awg_main.o
LOAD ./Sources/analog.o
LOAD ./Sources/Shield_pushbuttons.o
LOAD ./Sources/Shield_LEDs.o
LOAD ./Sources/OpenSDA_UART.o
LOAD ./Sources/KL25Z_port.o
LOAD ./Sources/KL25Z_pit.o
LOAD ./Sources/KL25Z_gpio.o
LOAD ./Sources/KL25Z_NVIC.o
                0x000039cc                __pformatter = __pformatter_
                [0x00003df4]                __sformatter = __sformatter
START GROUP
LOAD C:/Freescale/CW MCU v11.1/MCU/ARM_GCC_Support/ewl/lib/armv6-m\libc.a
LOAD C:/Freescale/CW MCU v11.1/MCU/ARM_GCC_Support/ewl/lib/armv6-m\libm.a
LOAD c:/freescale/cw mcu v11.1/cross_tools/arm-none-eabi-gcc-4_7_3/bin/../lib/gcc/arm-none-eabi/4.7.3/armv6-m\libgcc.a
LOAD C:/Freescale/CW MCU v11.1/MCU/ARM_GCC_Support/ewl/lib/armv6-m\librt.a
LOAD C:/Freescale/CW MCU v11.1/MCU/ARM_GCC_Support/ewl/lib/armv6-m\libuart.a
END GROUP
                0x20003000                _estack = 0x20003000
                0x20003000                __SP_INIT = _estack
                0x00001000                __heap_size = 0x1000
                0x00001000                __stack_size = 0x1000

.interrupts     0x00000000       0xc0
                0x00000000                __vector_table = .
                0x00000000                . = ALIGN (0x4)
 *(.vectortable)
 .vectortable   0x00000000       0xc0 ./Project_Settings/Startup_Code/kinetis_sysinit.o
                0x00000000                InterruptVector
                0x000000c0                . = ALIGN (0x4)

.cfmprotect     0x00000400        0x0
                0x00000400                . = ALIGN (0x4)
 *(.cfmconfig)
                0x00000400                . = ALIGN (0x4)

.text           0x00000800     0x41fc
                0x00000800                . = ALIGN (0x4)
 *(.text)
 .text          0x00000800       0x14 c:/freescale/cw mcu v11.1/cross_tools/arm-none-eabi-gcc-4_7_3/bin/../lib/gcc/arm-none-eabi/4.7.3/armv6-m\libgcc.a(_thumb1_case_sqi.o)
                0x00000800                __gnu_thumb1_case_sqi
 .text          0x00000814       0x14 c:/freescale/cw mcu v11.1/cross_tools/arm-none-eabi-gcc-4_7_3/bin/../lib/gcc/arm-none-eabi/4.7.3/armv6-m\libgcc.a(_thumb1_case_uqi.o)
                0x00000814                __gnu_thumb1_case_uqi
 .text          0x00000828       0x9c c:/freescale/cw mcu v11.1/cross_tools/arm-none-eabi-gcc-4_7_3/bin/../lib/gcc/arm-none-eabi/4.7.3/armv6-m\libgcc.a(_udivsi3.o)
                0x00000828                __aeabi_uidiv
                0x00000828                __udivsi3
                0x000008b0                __aeabi_uidivmod
 .text          0x000008c4       0xc0 c:/freescale/cw mcu v11.1/cross_tools/arm-none-eabi-gcc-4_7_3/bin/../lib/gcc/arm-none-eabi/4.7.3/armv6-m\libgcc.a(_divsi3.o)
                0x000008c4                __divsi3
                0x000008c4                __aeabi_idiv
                0x00000970                __aeabi_idivmod
 .text          0x00000984        0x4 c:/freescale/cw mcu v11.1/cross_tools/arm-none-eabi-gcc-4_7_3/bin/../lib/gcc/arm-none-eabi/4.7.3/armv6-m\libgcc.a(_dvmd_tls.o)
                0x00000984                __aeabi_idiv0
                0x00000984                __aeabi_ldiv0
 *(.text*)
 .text.Default_Handler
                0x00000988        0xc ./Project_Settings/Startup_Code/kinetis_sysinit.o
                0x00000988                RTC_Alarm_IRQHandler
                0x00000988                I2C0_IRQHandler
                0x00000988                HardFault_Handler
                0x00000988                NMI_Handler
                0x00000988                I2C1_IRQHandler
                0x00000988                UART1_IRQHandler
                0x00000988                DMA2_IRQHandler
                0x00000988                TSI0_IRQHandler
                0x00000988                UART0_IRQHandler
                0x00000988                ADC0_IRQHandler
                0x00000988                SPI1_IRQHandler
                0x00000988                PORTD_IRQHandler
                0x00000988                LPTimer_IRQHandler
                0x00000988                FTM1_IRQHandler
                0x00000988                RTC_Seconds_IRQHandler
                0x00000988                MCG_IRQHandler
                0x00000988                UART2_IRQHandler
                0x00000988                Default_Handler
                0x00000988                LLW_IRQHandler
                0x00000988                SVC_Handler
                0x00000988                USBOTG_IRQHandler
                0x00000988                DMA3_IRQHandler
                0x00000988                DMA0_IRQHandler
                0x00000988                DAC0_IRQHandler
                0x00000988                PMC_IRQHandler
                0x00000988                SPI0_IRQHandler
                0x00000988                FTM0_IRQHandler
                0x00000988                PORTA_IRQHandler
                0x00000988                MCM_IRQHandler
                0x00000988                FTFL_IRQHandler
                0x00000988                FTM2_IRQHandler
                0x00000988                CMP0_IRQHandler
                0x00000988                DMA1_IRQHandler
 .text.__init_hardware
                0x00000994       0x2c ./Project_Settings/Startup_Code/kinetis_sysinit.o
                0x00000994                __init_hardware
 .text.zero_fill_bss
                0x000009c0       0x24 ./Project_Settings/Startup_Code/__arm_start.o
 .text.__thumb_startup
                0x000009e4       0x30 ./Project_Settings/Startup_Code/__arm_start.o
                0x000009e4                __thumb_startup
 .text._ExitProcess
                0x00000a14        0xc ./Project_Settings/Startup_Code/__arm_end.o
                0x00000a14                _ExitProcess
 .text.pxPortInitialiseStack
                0x00000a20       0x54 ./Sources/FreeRTOS/portable/GCC/ARM_CM0/port.o
                0x00000a20                pxPortInitialiseStack
 .text.prvTaskExitError
                0x00000a74       0x2c ./Sources/FreeRTOS/portable/GCC/ARM_CM0/port.o
 .text.vPortStartFirstTask
                0x00000aa0       0x40 ./Sources/FreeRTOS/portable/GCC/ARM_CM0/port.o
 .text.xPortStartScheduler
                0x00000ae0       0x3c ./Sources/FreeRTOS/portable/GCC/ARM_CM0/port.o
                0x00000ae0                xPortStartScheduler
 .text.vPortYield
                0x00000b1c       0x1c ./Sources/FreeRTOS/portable/GCC/ARM_CM0/port.o
                0x00000b1c                vPortYield
 .text.vPortEnterCritical
                0x00000b38       0x20 ./Sources/FreeRTOS/portable/GCC/ARM_CM0/port.o
                0x00000b38                vPortEnterCritical
 .text.vPortExitCritical
                0x00000b58       0x2c ./Sources/FreeRTOS/portable/GCC/ARM_CM0/port.o
                0x00000b58                vPortExitCritical
 .text.ulSetInterruptMaskFromISR
                0x00000b84        0xc ./Sources/FreeRTOS/portable/GCC/ARM_CM0/port.o
                0x00000b84                ulSetInterruptMaskFromISR
 .text.vClearInterruptMaskFromISR
                0x00000b90        0x8 ./Sources/FreeRTOS/portable/GCC/ARM_CM0/port.o
                0x00000b90                vClearInterruptMaskFromISR
 *fill*         0x00000b98        0x8 00
 .text.PendSV_Handler
                0x00000ba0       0x50 ./Sources/FreeRTOS/portable/GCC/ARM_CM0/port.o
                0x00000ba0                PendSV_Handler
 .text.SysTick_Handler
                0x00000bf0       0x34 ./Sources/FreeRTOS/portable/GCC/ARM_CM0/port.o
                0x00000bf0                SysTick_Handler
 .text.vPortSetupTimerInterrupt
                0x00000c24       0x30 ./Sources/FreeRTOS/portable/GCC/ARM_CM0/port.o
                0x00000c24                vPortSetupTimerInterrupt
 .text.pvPortMalloc
                0x00000c54       0x8c ./Sources/FreeRTOS/portable/MemMang/heap_1.o
                0x00000c54                pvPortMalloc
 .text.vPortFree
                0x00000ce0       0x18 ./Sources/FreeRTOS/portable/MemMang/heap_1.o
                0x00000ce0                vPortFree
 .text.xTimerCreateTimerTask
                0x00000cf8       0x58 ./Sources/FreeRTOS/timers.o
                0x00000cf8                xTimerCreateTimerTask
 .text.xTimerGenericCommand
                0x00000d50       0xac ./Sources/FreeRTOS/timers.o
                0x00000d50                xTimerGenericCommand
 .text.prvProcessExpiredTimer
                0x00000dfc       0x90 ./Sources/FreeRTOS/timers.o
 .text.prvTimerTask
                0x00000e8c       0x28 ./Sources/FreeRTOS/timers.o
 .text.prvProcessTimerOrBlockTask
                0x00000eb4       0x98 ./Sources/FreeRTOS/timers.o
 .text.prvGetNextExpireTime
                0x00000f4c       0x44 ./Sources/FreeRTOS/timers.o
 .text.prvSampleTimeNow
                0x00000f90       0x40 ./Sources/FreeRTOS/timers.o
 .text.prvInsertTimerInActiveList
                0x00000fd0       0x84 ./Sources/FreeRTOS/timers.o
 .text.prvProcessReceivedCommands
                0x00001054      0x174 ./Sources/FreeRTOS/timers.o
 .text.prvSwitchTimerLists
                0x000011c8       0xbc ./Sources/FreeRTOS/timers.o
 .text.prvCheckForValidListAndQueue
                0x00001284       0x74 ./Sources/FreeRTOS/timers.o
 .text.xTaskCreate
                0x000012f8       0x90 ./Sources/FreeRTOS/tasks.o
                0x000012f8                xTaskCreate
 .text.prvInitialiseNewTask
                0x00001388      0x11c ./Sources/FreeRTOS/tasks.o
 .text.prvAddNewTaskToReadyList
                0x000014a4       0xcc ./Sources/FreeRTOS/tasks.o
 .text.vTaskStartScheduler
                0x00001570       0x84 ./Sources/FreeRTOS/tasks.o
                0x00001570                vTaskStartScheduler
 .text.vTaskSuspendAll
                0x000015f4       0x18 ./Sources/FreeRTOS/tasks.o
                0x000015f4                vTaskSuspendAll
 .text.xTaskResumeAll
                0x0000160c      0x118 ./Sources/FreeRTOS/tasks.o
                0x0000160c                xTaskResumeAll
 .text.xTaskGetTickCount
                0x00001724       0x1c ./Sources/FreeRTOS/tasks.o
                0x00001724                xTaskGetTickCount
 .text.xTaskIncrementTick
                0x00001740      0x164 ./Sources/FreeRTOS/tasks.o
                0x00001740                xTaskIncrementTick
 .text.vTaskSwitchContext
                0x000018a4       0xa0 ./Sources/FreeRTOS/tasks.o
                0x000018a4                vTaskSwitchContext
 .text.vTaskPlaceOnEventList
                0x00001944       0x38 ./Sources/FreeRTOS/tasks.o
                0x00001944                vTaskPlaceOnEventList
 .text.vTaskPlaceOnEventListRestricted
                0x0000197c       0x48 ./Sources/FreeRTOS/tasks.o
                0x0000197c                vTaskPlaceOnEventListRestricted
 .text.xTaskRemoveFromEventList
                0x000019c4       0xb8 ./Sources/FreeRTOS/tasks.o
                0x000019c4                xTaskRemoveFromEventList
 .text.vTaskInternalSetTimeOutState
                0x00001a7c       0x28 ./Sources/FreeRTOS/tasks.o
                0x00001a7c                vTaskInternalSetTimeOutState
 .text.xTaskCheckForTimeOut
                0x00001aa4       0xa8 ./Sources/FreeRTOS/tasks.o
                0x00001aa4                xTaskCheckForTimeOut
 .text.vTaskMissedYield
                0x00001b4c       0x14 ./Sources/FreeRTOS/tasks.o
                0x00001b4c                vTaskMissedYield
 .text.prvIdleTask
                0x00001b60       0x24 ./Sources/FreeRTOS/tasks.o
 .text.prvInitialiseTaskLists
                0x00001b84       0x88 ./Sources/FreeRTOS/tasks.o
 .text.prvCheckTasksWaitingTermination
                0x00001c0c       0x58 ./Sources/FreeRTOS/tasks.o
 .text.prvDeleteTCB
                0x00001c64       0x20 ./Sources/FreeRTOS/tasks.o
 .text.prvResetNextTaskUnblockTime
                0x00001c84       0x30 ./Sources/FreeRTOS/tasks.o
 .text.xTaskGetSchedulerState
                0x00001cb4       0x38 ./Sources/FreeRTOS/tasks.o
                0x00001cb4                xTaskGetSchedulerState
 .text.xTaskPriorityDisinherit
                0x00001cec       0xb8 ./Sources/FreeRTOS/tasks.o
                0x00001cec                xTaskPriorityDisinherit
 .text.prvAddCurrentTaskToDelayedList
                0x00001da4       0xa8 ./Sources/FreeRTOS/tasks.o
 .text.xStreamBufferGenericCreate
                0x00001e4c       0x8c ./Sources/FreeRTOS/stream_buffer.o
                0x00001e4c                xStreamBufferGenericCreate
 .text.prvInitialiseNewStreamBuffer
                0x00001ed8       0x5c ./Sources/FreeRTOS/stream_buffer.o
 .text.xQueueGenericReset
                0x00001f34       0xac ./Sources/FreeRTOS/queue.o
                0x00001f34                xQueueGenericReset
 .text.xQueueGenericCreate
                0x00001fe0       0x80 ./Sources/FreeRTOS/queue.o
                0x00001fe0                xQueueGenericCreate
 .text.prvInitialiseNewQueue
                0x00002060       0x4c ./Sources/FreeRTOS/queue.o
 .text.xQueueGenericSend
                0x000020ac      0x1a0 ./Sources/FreeRTOS/queue.o
                0x000020ac                xQueueGenericSend
 .text.xQueueGenericSendFromISR
                0x0000224c      0x100 ./Sources/FreeRTOS/queue.o
                0x0000224c                xQueueGenericSendFromISR
 .text.xQueueReceive
                0x0000234c      0x180 ./Sources/FreeRTOS/queue.o
                0x0000234c                xQueueReceive
 .text.prvCopyDataToQueue
                0x000024cc       0xe0 ./Sources/FreeRTOS/queue.o
 .text.prvCopyDataFromQueue
                0x000025ac       0x50 ./Sources/FreeRTOS/queue.o
 .text.prvUnlockQueue
                0x000025fc       0xc0 ./Sources/FreeRTOS/queue.o
 .text.prvIsQueueEmpty
                0x000026bc       0x2c ./Sources/FreeRTOS/queue.o
 .text.prvIsQueueFull
                0x000026e8       0x30 ./Sources/FreeRTOS/queue.o
 .text.vQueueAddToRegistry
                0x00002718       0x4c ./Sources/FreeRTOS/queue.o
                0x00002718                vQueueAddToRegistry
 .text.vQueueWaitForMessageRestricted
                0x00002764       0x70 ./Sources/FreeRTOS/queue.o
                0x00002764                vQueueWaitForMessageRestricted
 .text.vListInitialise
                0x000027d4       0x3c ./Sources/FreeRTOS/list.o
                0x000027d4                vListInitialise
 .text.vListInitialiseItem
                0x00002810       0x14 ./Sources/FreeRTOS/list.o
                0x00002810                vListInitialiseItem
 .text.vListInsertEnd
                0x00002824       0x44 ./Sources/FreeRTOS/list.o
                0x00002824                vListInsertEnd
 .text.vListInsert
                0x00002868       0x6c ./Sources/FreeRTOS/list.o
                0x00002868                vListInsert
 .text.uxListRemove
                0x000028d4       0x50 ./Sources/FreeRTOS/list.o
                0x000028d4                uxListRemove
 .text.pll_init
                0x00002924      0x548 ./Sources/mcg.o
                0x00002924                pll_init
 .text.main     0x00002e6c       0xd4 ./Sources/awg_main.o
                0x00002e6c                main
 .text.Command_Interface_Task
                0x00002f40       0x10 ./Sources/awg_main.o
                0x00002f40                Command_Interface_Task
 .text.PIT_IRQHandler
                0x00002f50       0x6c ./Sources/awg_main.o
                0x00002f50                PIT_IRQHandler
 .text.enable_dac_clock
                0x00002fbc       0x24 ./Sources/analog.o
                0x00002fbc                enable_dac_clock
 .text.init_dac
                0x00002fe0       0x28 ./Sources/analog.o
                0x00002fe0                init_dac
 .text.init_dac_pin
                0x00003008       0x14 ./Sources/analog.o
                0x00003008                init_dac_pin
 .text.set_dac_output
                0x0000301c       0x38 ./Sources/analog.o
                0x0000301c                set_dac_output
 .text.enable_opensda_uart_clock
                0x00003054       0x24 ./Sources/OpenSDA_UART.o
                0x00003054                enable_opensda_uart_clock
 .text.init_opensda_uart_pins
                0x00003078       0x20 ./Sources/OpenSDA_UART.o
                0x00003078                init_opensda_uart_pins
 .text.init_opensda_uart
                0x00003098       0xc4 ./Sources/OpenSDA_UART.o
                0x00003098                init_opensda_uart
 .text.opensda_uart_transmit_char
                0x0000315c       0x30 ./Sources/OpenSDA_UART.o
                0x0000315c                opensda_uart_transmit_char
 .text.opensda_uart_transmit_string
                0x0000318c       0x28 ./Sources/OpenSDA_UART.o
                0x0000318c                opensda_uart_transmit_string
 .text.enable_port_clock
                0x000031b4       0x94 ./Sources/KL25Z_port.o
                0x000031b4                enable_port_clock
 .text.set_port_mux
                0x00003248       0xf0 ./Sources/KL25Z_port.o
                0x00003248                set_port_mux
 .text.enable_pit_clock
                0x00003338       0x24 ./Sources/KL25Z_pit.o
                0x00003338                enable_pit_clock
 .text.init_gpio_pin
                0x0000335c      0x148 ./Sources/KL25Z_gpio.o
                0x0000335c                init_gpio_pin
 .text.set_gpio_pin_level
                0x000034a4      0x148 ./Sources/KL25Z_gpio.o
                0x000034a4                set_gpio_pin_level
 .text.NVIC_EnableIRQ
                0x000035ec       0x2c ./Sources/KL25Z_NVIC.o
                0x000035ec                NVIC_EnableIRQ
 .text.NVIC_ClearPendingIRQ
                0x00003618       0x2c ./Sources/KL25Z_NVIC.o
                0x00003618                NVIC_ClearPendingIRQ
 .text.NVIC_SetPriority
                0x00003644      0x118 ./Sources/KL25Z_NVIC.o
                0x00003644                NVIC_SetPriority
 .text.exit     0x0000375c       0x38 C:/Freescale/CW MCU v11.1/MCU/ARM_GCC_Support/ewl/lib/armv6-m\libc.a(exit.o)
                0x0000375c                exit
 .text.memset   0x00003794        0xc C:/Freescale/CW MCU v11.1/MCU/ARM_GCC_Support/ewl/lib/armv6-m\libc.a(memset.o)
                0x00003794                memset
 .text.__fill_mem
                0x000037a0       0x7e C:/Freescale/CW MCU v11.1/MCU/ARM_GCC_Support/ewl/lib/armv6-m\libc.a(__filll_mem.o)
                0x000037a0                __fill_mem
 .text.memcpy   0x0000381e       0x12 C:/Freescale/CW MCU v11.1/MCU/ARM_GCC_Support/ewl/lib/armv6-m\libc.a(memcpy.o)
                0x0000381e                memcpy
 .text.long2str.isra.0
                0x00003830      0x19c C:/Freescale/CW MCU v11.1/MCU/ARM_GCC_Support/ewl/lib/armv6-m\libc.a(printformat_.o)
 .text.__pformatter_
                0x000039cc      0x428 C:/Freescale/CW MCU v11.1/MCU/ARM_GCC_Support/ewl/lib/armv6-m\libc.a(printformat_.o)
                0x000039cc                __pformatter_
 .text.__sformatter
                0x00003df4      0x698 C:/Freescale/CW MCU v11.1/MCU/ARM_GCC_Support/ewl/lib/armv6-m\libc.a(scanformat_.o)
                0x00003df4                __sformatter
 .text.isalpha  0x0000448c       0x20 C:/Freescale/CW MCU v11.1/MCU/ARM_GCC_Support/ewl/lib/armv6-m\libc.a(ctype_aeabi.o)
                0x0000448c                isalpha
 .text.isspace  0x000044ac       0x20 C:/Freescale/CW MCU v11.1/MCU/ARM_GCC_Support/ewl/lib/armv6-m\libc.a(ctype_aeabi.o)
                0x000044ac                isspace
 .text.toupper  0x000044cc        0xe C:/Freescale/CW MCU v11.1/MCU/ARM_GCC_Support/ewl/lib/armv6-m\libc.a(ctype_aeabi.o)
                0x000044cc                toupper
 .text.__strtoul
                0x000044da      0x1ce C:/Freescale/CW MCU v11.1/MCU/ARM_GCC_Support/ewl/lib/armv6-m\libc.a(__strtoul.o)
                0x000044da                __strtoul
 .text.strchr   0x000046a8       0x1e C:/Freescale/CW MCU v11.1/MCU/ARM_GCC_Support/ewl/lib/armv6-m\libc.a(strchr.o)
                0x000046a8                strchr
 .text.strlen   0x000046c6       0x10 C:/Freescale/CW MCU v11.1/MCU/ARM_GCC_Support/ewl/lib/armv6-m\libc.a(strlen.o)
                0x000046c6                strlen
 .text.memchr   0x000046d6       0x1a C:/Freescale/CW MCU v11.1/MCU/ARM_GCC_Support/ewl/lib/armv6-m\libc.a(memchr.o)
                0x000046d6                memchr
 .text.__init_cpp
                0x000046f0       0x48 C:/Freescale/CW MCU v11.1/MCU/ARM_GCC_Support/ewl/lib/armv6-m\librt.a(gcc_ctor_dtor.o)
                0x000046f0                __init_cpp
 .text.__fini_cpp
                0x00004738       0x34 C:/Freescale/CW MCU v11.1/MCU/ARM_GCC_Support/ewl/lib/armv6-m\librt.a(gcc_ctor_dtor.o)
                0x00004738                __fini_cpp
 .text.__destroy_global_chain
                0x0000476c       0x1c C:/Freescale/CW MCU v11.1/MCU/ARM_GCC_Support/ewl/lib/armv6-m\librt.a(__arm_eabi_init.o)
                0x0000476c                __destroy_global_chain
 .text.__init_registers
                0x00004788       0x1c C:/Freescale/CW MCU v11.1/MCU/ARM_GCC_Support/ewl/lib/armv6-m\librt.a(__arm_eabi_init.o)
                0x00004788                __init_registers
 .text.__init_user
                0x000047a4        0x4 C:/Freescale/CW MCU v11.1/MCU/ARM_GCC_Support/ewl/lib/armv6-m\librt.a(__arm_eabi_init.o)
                0x000047a4                __init_user
 .text.__copy_rom_section
                0x000047a8       0x48 C:/Freescale/CW MCU v11.1/MCU/ARM_GCC_Support/ewl/lib/armv6-m\librt.a(ROMCopy.o)
                0x000047a8                __copy_rom_section
 .text.__copy_rom_sections_to_ram
                0x000047f0       0x34 C:/Freescale/CW MCU v11.1/MCU/ARM_GCC_Support/ewl/lib/armv6-m\librt.a(ROMCopy.o)
                0x000047f0                __copy_rom_sections_to_ram
 *(.rodata)
 .rodata        0x00004824       0x10 ./Sources/FreeRTOS/timers.o
 .rodata        0x00004834        0x8 ./Sources/FreeRTOS/tasks.o
 .rodata        0x0000483c       0x3c ./Sources/awg_main.o
 *(.rodata*)
 .rodata.prvProcessReceivedCommands
                0x00004878       0x28 ./Sources/FreeRTOS/timers.o
 .rodata.enable_port_clock
                0x000048a0       0x14 ./Sources/KL25Z_port.o
 .rodata.set_port_mux
                0x000048b4       0x14 ./Sources/KL25Z_port.o
 .rodata.init_gpio_pin
                0x000048c8       0x14 ./Sources/KL25Z_gpio.o
 .rodata.set_gpio_pin_level
                0x000048dc       0x14 ./Sources/KL25Z_gpio.o
 .rodata.str1.1
                0x000048f0        0x1 C:/Freescale/CW MCU v11.1/MCU/ARM_GCC_Support/ewl/lib/armv6-m\libc.a(printformat_.o)
 .rodata.CSWTCH.20
                0x000048f1        0x5 C:/Freescale/CW MCU v11.1/MCU/ARM_GCC_Support/ewl/lib/armv6-m\libc.a(printformat_.o)
 .rodata.CSWTCH.21
                0x000048f6        0x5 C:/Freescale/CW MCU v11.1/MCU/ARM_GCC_Support/ewl/lib/armv6-m\libc.a(printformat_.o)
 .rodata.__aeabi_ctype_table_C
                0x000048fb      0x101 C:/Freescale/CW MCU v11.1/MCU/ARM_GCC_Support/ewl/lib/armv6-m\libc.a(ctype_aeabi.o)
                0x000048fb                __aeabi_ctype_table_C
 *(.glue_7)
 .glue_7        0x00000000        0x0 linker stubs
 *(.glue_7t)
 .glue_7t       0x00000000        0x0 linker stubs
 *(.eh_frame)
 *(.init)
 *(.fini)
                0x000049fc                . = ALIGN (0x4)
                0x000049fc                _etext = .

.vfp11_veneer   0x000049fc        0x0
 .vfp11_veneer  0x00000000        0x0 linker stubs

.v4_bx          0x000049fc        0x0
 .v4_bx         0x00000000        0x0 linker stubs

.iplt           0x000049fc        0x0
 .iplt          0x00000000        0x0 ./Project_Settings/Startup_Code/kinetis_sysinit.o

.rel.dyn        0x000049fc        0x0
 .rel.iplt      0x00000000        0x0 ./Project_Settings/Startup_Code/kinetis_sysinit.o

.ARM.extab
 *(.ARM.extab* .gnu.linkonce.armextab.*)

.ARM            0x000049fc        0x0
                0x000049fc                __exidx_start = .
 *(.ARM.exidx*)
                0x000049fc                __exidx_end = .

.ctors          0x000049fc        0x0
                0x000049fc                __CTOR_LIST__ = .
 *crtbegin.o(.ctors)
 *(EXCLUDE_FILE(*crtend.o) .ctors)
 *(SORT(.ctors.*))
 *(.ctors)
                0x000049fc                __CTOR_END__ = .

.dtors          0x000049fc        0x0
                0x000049fc                __DTOR_LIST__ = .
 *crtbegin.o(.dtors)
 *(EXCLUDE_FILE(*crtend.o) .dtors)
 *(SORT(.dtors.*))
 *(.dtors)
                0x000049fc                __DTOR_END__ = .

.preinit_array  0x000049fc        0x0
                0x000049fc                PROVIDE (__preinit_array_start, .)
 *(.preinit_array*)
                0x000049fc                PROVIDE (__preinit_array_end, .)

.init_array     0x000049fc        0x0
                0x000049fc                PROVIDE (__init_array_start, .)
 *(SORT(.init_array.*))
 *(.init_array*)
                0x000049fc                PROVIDE (__init_array_end, .)

.fini_array     0x000049fc        0x0
                0x000049fc                PROVIDE (__fini_array_start, .)
 *(SORT(.fini_array.*))
 *(.fini_array*)
                0x000049fc                PROVIDE (__fini_array_end, .)
                0x000049fc                ___ROM_AT = .

.mtb            0x1ffff000        0x0
                0x1ffff000                . = ALIGN (0x8)
                0x1ffff000                _mtb_start = .
 *(.mtb_buf)
                0x1ffff000                . = ALIGN (0x8)
                0x1ffff000                _mtb_end = .

.data           0x1ffff000        0xc load address 0x000049fc
                0x1ffff000                . = ALIGN (0x4)
                0x1ffff000                _sdata = .
 *(.data)
 *(.data*)
 .data.uxCriticalNesting
                0x1ffff000        0x4 ./Sources/FreeRTOS/portable/GCC/ARM_CM0/port.o
 .data.uxTopUsedPriority
                0x1ffff004        0x4 ./Sources/FreeRTOS/tasks.o
                0x1ffff004                uxTopUsedPriority
 .data.read_ptr
                0x1ffff008        0x4 ./Sources/awg_main.o
                0x1ffff008                read_ptr
                0x1ffff00c                . = ALIGN (0x4)
                0x1ffff00c                _edata = .
                0x0000000c                ___data_size = (_edata - _sdata)

.igot.plt       0x1ffff00c        0x0 load address 0x00004a08
 .igot.plt      0x00000000        0x0 ./Project_Settings/Startup_Code/kinetis_sysinit.o
                0x1ffff00c                . = ALIGN (0x4)

.bss            0x1ffff00c     0x1ab0 load address 0x00004a08
                0x1ffff00c                __START_BSS = .
                0x1ffff00c                PROVIDE (__bss_start__, __START_BSS)
 *(.bss)
 *(.bss*)
 .bss.argv      0x1ffff00c        0x4 ./Project_Settings/Startup_Code/__arm_start.o
 .bss.ucHeap    0x1ffff010     0x1770 ./Sources/FreeRTOS/portable/MemMang/heap_1.o
 .bss.xNextFreeByte
                0x20000780        0x4 ./Sources/FreeRTOS/portable/MemMang/heap_1.o
 .bss.pucAlignedHeap.4562
                0x20000784        0x4 ./Sources/FreeRTOS/portable/MemMang/heap_1.o
 .bss.xActiveTimerList1
                0x20000788       0x14 ./Sources/FreeRTOS/timers.o
 .bss.xActiveTimerList2
                0x2000079c       0x14 ./Sources/FreeRTOS/timers.o
 .bss.pxCurrentTimerList
                0x200007b0        0x4 ./Sources/FreeRTOS/timers.o
 .bss.pxOverflowTimerList
                0x200007b4        0x4 ./Sources/FreeRTOS/timers.o
 .bss.xTimerQueue
                0x200007b8        0x4 ./Sources/FreeRTOS/timers.o
 .bss.xTimerTaskHandle
                0x200007bc        0x4 ./Sources/FreeRTOS/timers.o
 .bss.xLastTime.4875
                0x200007c0        0x4 ./Sources/FreeRTOS/timers.o
 .bss.pxCurrentTCB
                0x200007c4        0x4 ./Sources/FreeRTOS/tasks.o
                0x200007c4                pxCurrentTCB
 .bss.pxReadyTasksLists
                0x200007c8       0x64 ./Sources/FreeRTOS/tasks.o
 .bss.xDelayedTaskList1
                0x2000082c       0x14 ./Sources/FreeRTOS/tasks.o
 .bss.xDelayedTaskList2
                0x20000840       0x14 ./Sources/FreeRTOS/tasks.o
 .bss.pxDelayedTaskList
                0x20000854        0x4 ./Sources/FreeRTOS/tasks.o
 .bss.pxOverflowDelayedTaskList
                0x20000858        0x4 ./Sources/FreeRTOS/tasks.o
 .bss.xPendingReadyList
                0x2000085c       0x14 ./Sources/FreeRTOS/tasks.o
 .bss.xTasksWaitingTermination
                0x20000870       0x14 ./Sources/FreeRTOS/tasks.o
 .bss.uxDeletedTasksWaitingCleanUp
                0x20000884        0x4 ./Sources/FreeRTOS/tasks.o
 .bss.xSuspendedTaskList
                0x20000888       0x14 ./Sources/FreeRTOS/tasks.o
 .bss.uxCurrentNumberOfTasks
                0x2000089c        0x4 ./Sources/FreeRTOS/tasks.o
 .bss.xTickCount
                0x200008a0        0x4 ./Sources/FreeRTOS/tasks.o
 .bss.uxTopReadyPriority
                0x200008a4        0x4 ./Sources/FreeRTOS/tasks.o
 .bss.xSchedulerRunning
                0x200008a8        0x4 ./Sources/FreeRTOS/tasks.o
 .bss.xPendedTicks
                0x200008ac        0x4 ./Sources/FreeRTOS/tasks.o
 .bss.xYieldPending
                0x200008b0        0x4 ./Sources/FreeRTOS/tasks.o
 .bss.xNumOfOverflows
                0x200008b4        0x4 ./Sources/FreeRTOS/tasks.o
 .bss.uxTaskNumber
                0x200008b8        0x4 ./Sources/FreeRTOS/tasks.o
 .bss.xNextTaskUnblockTime
                0x200008bc        0x4 ./Sources/FreeRTOS/tasks.o
 .bss.xIdleTaskHandle
                0x200008c0        0x4 ./Sources/FreeRTOS/tasks.o
 .bss.uxSchedulerSuspended
                0x200008c4        0x4 ./Sources/FreeRTOS/tasks.o
 .bss.dac_write_buffer_2
                0x200008c8      0x190 ./Sources/awg_main.o
                0x200008c8                dac_write_buffer_2
 .bss.dac_bit_shift
                0x20000a58        0x4 ./Sources/awg_main.o
                0x20000a58                dac_bit_shift
 .bss.i.6068    0x20000a5c        0x4 ./Sources/awg_main.o
 .bss.__stdio_exit
                0x20000a60        0x4 C:/Freescale/CW MCU v11.1/MCU/ARM_GCC_Support/ewl/lib/armv6-m\libc.a(exit.o)
                0x20000a60                __stdio_exit
 .bss.__console_exit
                0x20000a64        0x4 C:/Freescale/CW MCU v11.1/MCU/ARM_GCC_Support/ewl/lib/armv6-m\libc.a(exit.o)
                0x20000a64                __console_exit
 .bss.__global_destructor_chain
                0x20000a68        0x4 C:/Freescale/CW MCU v11.1/MCU/ARM_GCC_Support/ewl/lib/armv6-m\librt.a(__arm_eabi_init.o)
                0x20000a68                __global_destructor_chain
 .bss.__S_romp  0x20000a6c        0xc C:/Freescale/CW MCU v11.1/MCU/ARM_GCC_Support/ewl/lib/armv6-m\librt.a(ROMCopy.o)
 *(COMMON)
 COMMON         0x20000a78       0x40 ./Sources/FreeRTOS/queue.o
                0x20000a78                xQueueRegistry
 COMMON         0x20000ab8        0x4 ./Sources/awg_main.o
                0x20000ab8                UART_Rx_StreamHandle
                0x20000abc                . = ALIGN (0x4)
                0x20000abc                __END_BSS = .
                0x20000abc                PROVIDE (__bss_end__, __END_BSS)
                0x00004a08                _romp_at = (___ROM_AT + SIZEOF (.data))

.romp           0x20000abc       0x18 load address 0x00004a08
                0x00004a08                __S_romp = _romp_at
                0x20000abc        0x4 LONG 0x49fc ___ROM_AT
                0x20000ac0        0x4 LONG 0x1ffff000 _sdata
                0x20000ac4        0x4 LONG 0xc ___data_size
                0x20000ac8        0x4 LONG 0x0
                0x20000acc        0x4 LONG 0x0
                0x20000ad0        0x4 LONG 0x0

._user_heap_stack
                0x20000ad4     0x2000 load address 0x00004a20
                0x20000ad4                . = ALIGN (0x4)
                0x20000ad4                PROVIDE (end, .)
                0x20000ad4                PROVIDE (_end, .)
                0x20000ad4                __heap_addr = .
                0x20001ad4                . = (. + __heap_size)
 *fill*         0x20000ad4     0x1000 00
                0x20002ad4                . = (. + __stack_size)
 *fill*         0x20001ad4     0x1000 00
                0x20002ad4                . = ALIGN (0x4)

.ARM.attributes
                0x00000000       0x31
 *(.ARM.attributes)
 .ARM.attributes
                0x00000000       0x31 ./Project_Settings/Startup_Code/kinetis_sysinit.o
 .ARM.attributes
                0x00000031       0x31 ./Project_Settings/Startup_Code/__arm_start.o
 .ARM.attributes
                0x00000062       0x31 ./Project_Settings/Startup_Code/__arm_end.o
 .ARM.attributes
                0x00000093       0x31 ./Sources/FreeRTOS/portable/GCC/ARM_CM0/port.o
 .ARM.attributes
                0x000000c4       0x31 ./Sources/FreeRTOS/portable/MemMang/heap_1.o
 .ARM.attributes
                0x000000f5       0x31 ./Sources/FreeRTOS/timers.o
 .ARM.attributes
                0x00000126       0x31 ./Sources/FreeRTOS/tasks.o
 .ARM.attributes
                0x00000157       0x31 ./Sources/FreeRTOS/stream_buffer.o
 .ARM.attributes
                0x00000188       0x31 ./Sources/FreeRTOS/queue.o
 .ARM.attributes
                0x000001b9       0x31 ./Sources/FreeRTOS/list.o
 .ARM.attributes
                0x000001ea       0x31 ./Sources/mcg.o
 .ARM.attributes
                0x0000021b       0x31 ./Sources/awg_main.o
 .ARM.attributes
                0x0000024c       0x31 ./Sources/analog.o
 .ARM.attributes
                0x0000027d       0x31 ./Sources/OpenSDA_UART.o
 .ARM.attributes
                0x000002ae       0x31 ./Sources/KL25Z_port.o
 .ARM.attributes
                0x000002df       0x31 ./Sources/KL25Z_pit.o
 .ARM.attributes
                0x00000310       0x31 ./Sources/KL25Z_gpio.o
 .ARM.attributes
                0x00000341       0x31 ./Sources/KL25Z_NVIC.o
 .ARM.attributes
                0x00000372       0x31 C:/Freescale/CW MCU v11.1/MCU/ARM_GCC_Support/ewl/lib/armv6-m\libc.a(exit.o)
 .ARM.attributes
                0x000003a3       0x31 C:/Freescale/CW MCU v11.1/MCU/ARM_GCC_Support/ewl/lib/armv6-m\libc.a(memset.o)
 .ARM.attributes
                0x000003d4       0x31 C:/Freescale/CW MCU v11.1/MCU/ARM_GCC_Support/ewl/lib/armv6-m\libc.a(__filll_mem.o)
 .ARM.attributes
                0x00000405       0x31 C:/Freescale/CW MCU v11.1/MCU/ARM_GCC_Support/ewl/lib/armv6-m\libc.a(memcpy.o)
 .ARM.attributes
                0x00000436       0x31 C:/Freescale/CW MCU v11.1/MCU/ARM_GCC_Support/ewl/lib/armv6-m\libc.a(printformat_.o)
 .ARM.attributes
                0x00000467       0x31 C:/Freescale/CW MCU v11.1/MCU/ARM_GCC_Support/ewl/lib/armv6-m\libc.a(scanformat_.o)
 .ARM.attributes
                0x00000498       0x31 C:/Freescale/CW MCU v11.1/MCU/ARM_GCC_Support/ewl/lib/armv6-m\libc.a(ctype_aeabi.o)
 .ARM.attributes
                0x000004c9       0x31 C:/Freescale/CW MCU v11.1/MCU/ARM_GCC_Support/ewl/lib/armv6-m\libc.a(__strtoul.o)
 .ARM.attributes
                0x000004fa       0x31 C:/Freescale/CW MCU v11.1/MCU/ARM_GCC_Support/ewl/lib/armv6-m\libc.a(strchr.o)
 .ARM.attributes
                0x0000052b       0x31 C:/Freescale/CW MCU v11.1/MCU/ARM_GCC_Support/ewl/lib/armv6-m\libc.a(strlen.o)
 .ARM.attributes
                0x0000055c       0x31 C:/Freescale/CW MCU v11.1/MCU/ARM_GCC_Support/ewl/lib/armv6-m\libc.a(memchr.o)
 .ARM.attributes
                0x0000058d       0x1e c:/freescale/cw mcu v11.1/cross_tools/arm-none-eabi-gcc-4_7_3/bin/../lib/gcc/arm-none-eabi/4.7.3/armv6-m\libgcc.a(_thumb1_case_sqi.o)
 .ARM.attributes
                0x000005ab       0x1e c:/freescale/cw mcu v11.1/cross_tools/arm-none-eabi-gcc-4_7_3/bin/../lib/gcc/arm-none-eabi/4.7.3/armv6-m\libgcc.a(_thumb1_case_uqi.o)
 .ARM.attributes
                0x000005c9       0x1e c:/freescale/cw mcu v11.1/cross_tools/arm-none-eabi-gcc-4_7_3/bin/../lib/gcc/arm-none-eabi/4.7.3/armv6-m\libgcc.a(_udivsi3.o)
 .ARM.attributes
                0x000005e7       0x1e c:/freescale/cw mcu v11.1/cross_tools/arm-none-eabi-gcc-4_7_3/bin/../lib/gcc/arm-none-eabi/4.7.3/armv6-m\libgcc.a(_divsi3.o)
 .ARM.attributes
                0x00000605       0x1e c:/freescale/cw mcu v11.1/cross_tools/arm-none-eabi-gcc-4_7_3/bin/../lib/gcc/arm-none-eabi/4.7.3/armv6-m\libgcc.a(_dvmd_tls.o)
 .ARM.attributes
                0x00000623       0x31 C:/Freescale/CW MCU v11.1/MCU/ARM_GCC_Support/ewl/lib/armv6-m\librt.a(gcc_ctor_dtor.o)
 .ARM.attributes
                0x00000654       0x31 C:/Freescale/CW MCU v11.1/MCU/ARM_GCC_Support/ewl/lib/armv6-m\librt.a(__arm_eabi_init.o)
 .ARM.attributes
                0x00000685       0x31 C:/Freescale/CW MCU v11.1/MCU/ARM_GCC_Support/ewl/lib/armv6-m\librt.a(ROMCopy.o)
OUTPUT(New_FreeRTOS_Demo.elf elf32-littlearm)

.debug_info     0x00000000     0x9ec2
 .debug_info    0x00000000      0x447 ./Project_Settings/Startup_Code/kinetis_sysinit.o
 .debug_info    0x00000447      0x12a ./Project_Settings/Startup_Code/__arm_start.o
 .debug_info    0x00000571       0x54 ./Project_Settings/Startup_Code/__arm_end.o
 .debug_info    0x000005c5      0x285 ./Sources/FreeRTOS/portable/GCC/ARM_CM0/port.o
 .debug_info    0x0000084a      0x172 ./Sources/FreeRTOS/portable/MemMang/heap_1.o
 .debug_info    0x000009bc      0xacf ./Sources/FreeRTOS/timers.o
 .debug_info    0x0000148b     0x19e9 ./Sources/FreeRTOS/tasks.o
 .debug_info    0x00002e74      0xc2b ./Sources/FreeRTOS/stream_buffer.o
 .debug_info    0x00003a9f     0x10d1 ./Sources/FreeRTOS/queue.o
 .debug_info    0x00004b70      0x2c3 ./Sources/FreeRTOS/list.o
 .debug_info    0x00004e33      0xf84 ./Sources/mcg.o
 .debug_info    0x00005db7      0x3d3 ./Sources/awg_main.o
 .debug_info    0x0000618a      0x9f4 ./Sources/analog.o
 .debug_info    0x00006b7e      0x50a ./Sources/OpenSDA_UART.o
 .debug_info    0x00007088      0x579 ./Sources/KL25Z_port.o
 .debug_info    0x00007601      0x545 ./Sources/KL25Z_pit.o
 .debug_info    0x00007b46      0x267 ./Sources/KL25Z_gpio.o
 .debug_info    0x00007dad      0x4fd ./Sources/KL25Z_NVIC.o
 .debug_info    0x000082aa       0xe8 C:/Freescale/CW MCU v11.1/MCU/ARM_GCC_Support/ewl/lib/armv6-m\libc.a(exit.o)
 .debug_info    0x00008392       0xec C:/Freescale/CW MCU v11.1/MCU/ARM_GCC_Support/ewl/lib/armv6-m\libc.a(memset.o)
 .debug_info    0x0000847e      0x137 C:/Freescale/CW MCU v11.1/MCU/ARM_GCC_Support/ewl/lib/armv6-m\libc.a(__filll_mem.o)
 .debug_info    0x000085b5      0x10f C:/Freescale/CW MCU v11.1/MCU/ARM_GCC_Support/ewl/lib/armv6-m\libc.a(memcpy.o)
 .debug_info    0x000086c4      0x50d C:/Freescale/CW MCU v11.1/MCU/ARM_GCC_Support/ewl/lib/armv6-m\libc.a(printformat_.o)
 .debug_info    0x00008bd1      0x568 C:/Freescale/CW MCU v11.1/MCU/ARM_GCC_Support/ewl/lib/armv6-m\libc.a(scanformat_.o)
 .debug_info    0x00009139      0x313 C:/Freescale/CW MCU v11.1/MCU/ARM_GCC_Support/ewl/lib/armv6-m\libc.a(ctype_aeabi.o)
 .debug_info    0x0000944c      0x1d6 C:/Freescale/CW MCU v11.1/MCU/ARM_GCC_Support/ewl/lib/armv6-m\libc.a(__strtoul.o)
 .debug_info    0x00009622      0x10b C:/Freescale/CW MCU v11.1/MCU/ARM_GCC_Support/ewl/lib/armv6-m\libc.a(strchr.o)
 .debug_info    0x0000972d       0xea C:/Freescale/CW MCU v11.1/MCU/ARM_GCC_Support/ewl/lib/armv6-m\libc.a(strlen.o)
 .debug_info    0x00009817      0x121 C:/Freescale/CW MCU v11.1/MCU/ARM_GCC_Support/ewl/lib/armv6-m\libc.a(memchr.o)
 .debug_info    0x00009938      0x136 C:/Freescale/CW MCU v11.1/MCU/ARM_GCC_Support/ewl/lib/armv6-m\librt.a(gcc_ctor_dtor.o)
 .debug_info    0x00009a6e      0x2b9 C:/Freescale/CW MCU v11.1/MCU/ARM_GCC_Support/ewl/lib/armv6-m\librt.a(__arm_eabi_init.o)
 .debug_info    0x00009d27      0x19b C:/Freescale/CW MCU v11.1/MCU/ARM_GCC_Support/ewl/lib/armv6-m\librt.a(ROMCopy.o)

.debug_abbrev   0x00000000     0x20f6
 .debug_abbrev  0x00000000       0xe7 ./Project_Settings/Startup_Code/kinetis_sysinit.o
 .debug_abbrev  0x000000e7       0x92 ./Project_Settings/Startup_Code/__arm_start.o
 .debug_abbrev  0x00000179       0x4c ./Project_Settings/Startup_Code/__arm_end.o
 .debug_abbrev  0x000001c5      0x174 ./Sources/FreeRTOS/portable/GCC/ARM_CM0/port.o
 .debug_abbrev  0x00000339       0xe0 ./Sources/FreeRTOS/portable/MemMang/heap_1.o
 .debug_abbrev  0x00000419      0x17f ./Sources/FreeRTOS/timers.o
 .debug_abbrev  0x00000598      0x1b2 ./Sources/FreeRTOS/tasks.o
 .debug_abbrev  0x0000074a      0x166 ./Sources/FreeRTOS/stream_buffer.o
 .debug_abbrev  0x000008b0      0x168 ./Sources/FreeRTOS/queue.o
 .debug_abbrev  0x00000a18       0xbd ./Sources/FreeRTOS/list.o
 .debug_abbrev  0x00000ad5      0x18d ./Sources/mcg.o
 .debug_abbrev  0x00000c62      0x102 ./Sources/awg_main.o
 .debug_abbrev  0x00000d64      0x1fc ./Sources/analog.o
 .debug_abbrev  0x00000f60      0x122 ./Sources/OpenSDA_UART.o
 .debug_abbrev  0x00001082      0x10b ./Sources/KL25Z_port.o
 .debug_abbrev  0x0000118d      0x137 ./Sources/KL25Z_pit.o
 .debug_abbrev  0x000012c4       0xfc ./Sources/KL25Z_gpio.o
 .debug_abbrev  0x000013c0      0x108 ./Sources/KL25Z_NVIC.o
 .debug_abbrev  0x000014c8       0x7a C:/Freescale/CW MCU v11.1/MCU/ARM_GCC_Support/ewl/lib/armv6-m\libc.a(exit.o)
 .debug_abbrev  0x00001542       0x62 C:/Freescale/CW MCU v11.1/MCU/ARM_GCC_Support/ewl/lib/armv6-m\libc.a(memset.o)
 .debug_abbrev  0x000015a4       0x78 C:/Freescale/CW MCU v11.1/MCU/ARM_GCC_Support/ewl/lib/armv6-m\libc.a(__filll_mem.o)
 .debug_abbrev  0x0000161c       0x95 C:/Freescale/CW MCU v11.1/MCU/ARM_GCC_Support/ewl/lib/armv6-m\libc.a(memcpy.o)
 .debug_abbrev  0x000016b1      0x200 C:/Freescale/CW MCU v11.1/MCU/ARM_GCC_Support/ewl/lib/armv6-m\libc.a(printformat_.o)
 .debug_abbrev  0x000018b1      0x1f0 C:/Freescale/CW MCU v11.1/MCU/ARM_GCC_Support/ewl/lib/armv6-m\libc.a(scanformat_.o)
 .debug_abbrev  0x00001aa1       0x9e C:/Freescale/CW MCU v11.1/MCU/ARM_GCC_Support/ewl/lib/armv6-m\libc.a(ctype_aeabi.o)
 .debug_abbrev  0x00001b3f       0xc2 C:/Freescale/CW MCU v11.1/MCU/ARM_GCC_Support/ewl/lib/armv6-m\libc.a(__strtoul.o)
 .debug_abbrev  0x00001c01       0x7a C:/Freescale/CW MCU v11.1/MCU/ARM_GCC_Support/ewl/lib/armv6-m\libc.a(strchr.o)
 .debug_abbrev  0x00001c7b       0x7a C:/Freescale/CW MCU v11.1/MCU/ARM_GCC_Support/ewl/lib/armv6-m\libc.a(strlen.o)
 .debug_abbrev  0x00001cf5       0x95 C:/Freescale/CW MCU v11.1/MCU/ARM_GCC_Support/ewl/lib/armv6-m\libc.a(memchr.o)
 .debug_abbrev  0x00001d8a       0x99 C:/Freescale/CW MCU v11.1/MCU/ARM_GCC_Support/ewl/lib/armv6-m\librt.a(gcc_ctor_dtor.o)
 .debug_abbrev  0x00001e23      0x1b3 C:/Freescale/CW MCU v11.1/MCU/ARM_GCC_Support/ewl/lib/armv6-m\librt.a(__arm_eabi_init.o)
 .debug_abbrev  0x00001fd6      0x120 C:/Freescale/CW MCU v11.1/MCU/ARM_GCC_Support/ewl/lib/armv6-m\librt.a(ROMCopy.o)

.debug_loc      0x00000000     0x5e54
 .debug_loc     0x00000000       0x58 ./Project_Settings/Startup_Code/kinetis_sysinit.o
 .debug_loc     0x00000058       0x2c ./Project_Settings/Startup_Code/__arm_start.o
 .debug_loc     0x00000084       0x38 ./Project_Settings/Startup_Code/__arm_end.o
 .debug_loc     0x000000bc      0x1dc ./Sources/FreeRTOS/portable/GCC/ARM_CM0/port.o
 .debug_loc     0x00000298       0xc8 ./Sources/FreeRTOS/portable/MemMang/heap_1.o
 .debug_loc     0x00000360      0x528 ./Sources/FreeRTOS/timers.o
 .debug_loc     0x00000888      0xd11 ./Sources/FreeRTOS/tasks.o
 .debug_loc     0x00001599      0x544 ./Sources/FreeRTOS/stream_buffer.o
 .debug_loc     0x00001add      0x7a8 ./Sources/FreeRTOS/queue.o
 .debug_loc     0x00002285      0x118 ./Sources/FreeRTOS/list.o
 .debug_loc     0x0000239d      0x64c ./Sources/mcg.o
 .debug_loc     0x000029e9       0x9c ./Sources/awg_main.o
 .debug_loc     0x00002a85      0x4a4 ./Sources/analog.o
 .debug_loc     0x00002f29      0x184 ./Sources/OpenSDA_UART.o
 .debug_loc     0x000030ad      0x230 ./Sources/KL25Z_port.o
 .debug_loc     0x000032dd      0x1b4 ./Sources/KL25Z_pit.o
 .debug_loc     0x00003491      0x118 ./Sources/KL25Z_gpio.o
 .debug_loc     0x000035a9      0x1c0 ./Sources/KL25Z_NVIC.o
 .debug_loc     0x00003769       0x3e C:/Freescale/CW MCU v11.1/MCU/ARM_GCC_Support/ewl/lib/armv6-m\libc.a(exit.o)
 .debug_loc     0x000037a7       0x6f C:/Freescale/CW MCU v11.1/MCU/ARM_GCC_Support/ewl/lib/armv6-m\libc.a(memset.o)
 .debug_loc     0x00003816      0x14a C:/Freescale/CW MCU v11.1/MCU/ARM_GCC_Support/ewl/lib/armv6-m\libc.a(__filll_mem.o)
 .debug_loc     0x00003960       0x59 C:/Freescale/CW MCU v11.1/MCU/ARM_GCC_Support/ewl/lib/armv6-m\libc.a(memcpy.o)
 .debug_loc     0x000039b9     0x104b C:/Freescale/CW MCU v11.1/MCU/ARM_GCC_Support/ewl/lib/armv6-m\libc.a(printformat_.o)
 .debug_loc     0x00004a04      0x9d8 C:/Freescale/CW MCU v11.1/MCU/ARM_GCC_Support/ewl/lib/armv6-m\libc.a(scanformat_.o)
 .debug_loc     0x000053dc      0x30d C:/Freescale/CW MCU v11.1/MCU/ARM_GCC_Support/ewl/lib/armv6-m\libc.a(ctype_aeabi.o)
 .debug_loc     0x000056e9      0x305 C:/Freescale/CW MCU v11.1/MCU/ARM_GCC_Support/ewl/lib/armv6-m\libc.a(__strtoul.o)
 .debug_loc     0x000059ee       0xaf C:/Freescale/CW MCU v11.1/MCU/ARM_GCC_Support/ewl/lib/armv6-m\libc.a(strchr.o)
 .debug_loc     0x00005a9d       0x33 C:/Freescale/CW MCU v11.1/MCU/ARM_GCC_Support/ewl/lib/armv6-m\libc.a(strlen.o)
 .debug_loc     0x00005ad0       0x77 C:/Freescale/CW MCU v11.1/MCU/ARM_GCC_Support/ewl/lib/armv6-m\libc.a(memchr.o)
 .debug_loc     0x00005b47       0x9d C:/Freescale/CW MCU v11.1/MCU/ARM_GCC_Support/ewl/lib/armv6-m\librt.a(gcc_ctor_dtor.o)
 .debug_loc     0x00005be4      0x197 C:/Freescale/CW MCU v11.1/MCU/ARM_GCC_Support/ewl/lib/armv6-m\librt.a(__arm_eabi_init.o)
 .debug_loc     0x00005d7b       0xd9 C:/Freescale/CW MCU v11.1/MCU/ARM_GCC_Support/ewl/lib/armv6-m\librt.a(ROMCopy.o)

.debug_aranges  0x00000000      0xc90
 .debug_aranges
                0x00000000       0x28 ./Project_Settings/Startup_Code/kinetis_sysinit.o
 .debug_aranges
                0x00000028       0x30 ./Project_Settings/Startup_Code/__arm_start.o
 .debug_aranges
                0x00000058       0x20 ./Project_Settings/Startup_Code/__arm_end.o
 .debug_aranges
                0x00000078       0x88 ./Sources/FreeRTOS/portable/GCC/ARM_CM0/port.o
 .debug_aranges
                0x00000100       0x38 ./Sources/FreeRTOS/portable/MemMang/heap_1.o
 .debug_aranges
                0x00000138       0xd8 ./Sources/FreeRTOS/timers.o
 .debug_aranges
                0x00000210      0x200 ./Sources/FreeRTOS/tasks.o
 .debug_aranges
                0x00000410       0xd8 ./Sources/FreeRTOS/stream_buffer.o
 .debug_aranges
                0x000004e8      0x130 ./Sources/FreeRTOS/queue.o
 .debug_aranges
                0x00000618       0x40 ./Sources/FreeRTOS/list.o
 .debug_aranges
                0x00000658      0x100 ./Sources/mcg.o
 .debug_aranges
                0x00000758       0x30 ./Sources/awg_main.o
 .debug_aranges
                0x00000788       0xd8 ./Sources/analog.o
 .debug_aranges
                0x00000860       0x58 ./Sources/OpenSDA_UART.o
 .debug_aranges
                0x000008b8       0x68 ./Sources/KL25Z_port.o
 .debug_aranges
                0x00000920       0x58 ./Sources/KL25Z_pit.o
 .debug_aranges
                0x00000978       0x40 ./Sources/KL25Z_gpio.o
 .debug_aranges
                0x000009b8       0x58 ./Sources/KL25Z_NVIC.o
 .debug_aranges
                0x00000a10       0x20 C:/Freescale/CW MCU v11.1/MCU/ARM_GCC_Support/ewl/lib/armv6-m\libc.a(exit.o)
 .debug_aranges
                0x00000a30       0x20 C:/Freescale/CW MCU v11.1/MCU/ARM_GCC_Support/ewl/lib/armv6-m\libc.a(memset.o)
 .debug_aranges
                0x00000a50       0x20 C:/Freescale/CW MCU v11.1/MCU/ARM_GCC_Support/ewl/lib/armv6-m\libc.a(__filll_mem.o)
 .debug_aranges
                0x00000a70       0x20 C:/Freescale/CW MCU v11.1/MCU/ARM_GCC_Support/ewl/lib/armv6-m\libc.a(memcpy.o)
 .debug_aranges
                0x00000a90       0x28 C:/Freescale/CW MCU v11.1/MCU/ARM_GCC_Support/ewl/lib/armv6-m\libc.a(printformat_.o)
 .debug_aranges
                0x00000ab8       0x20 C:/Freescale/CW MCU v11.1/MCU/ARM_GCC_Support/ewl/lib/armv6-m\libc.a(scanformat_.o)
 .debug_aranges
                0x00000ad8       0x88 C:/Freescale/CW MCU v11.1/MCU/ARM_GCC_Support/ewl/lib/armv6-m\libc.a(ctype_aeabi.o)
 .debug_aranges
                0x00000b60       0x20 C:/Freescale/CW MCU v11.1/MCU/ARM_GCC_Support/ewl/lib/armv6-m\libc.a(__strtoul.o)
 .debug_aranges
                0x00000b80       0x20 C:/Freescale/CW MCU v11.1/MCU/ARM_GCC_Support/ewl/lib/armv6-m\libc.a(strchr.o)
 .debug_aranges
                0x00000ba0       0x20 C:/Freescale/CW MCU v11.1/MCU/ARM_GCC_Support/ewl/lib/armv6-m\libc.a(strlen.o)
 .debug_aranges
                0x00000bc0       0x20 C:/Freescale/CW MCU v11.1/MCU/ARM_GCC_Support/ewl/lib/armv6-m\libc.a(memchr.o)
 .debug_aranges
                0x00000be0       0x28 C:/Freescale/CW MCU v11.1/MCU/ARM_GCC_Support/ewl/lib/armv6-m\librt.a(gcc_ctor_dtor.o)
 .debug_aranges
                0x00000c08       0x58 C:/Freescale/CW MCU v11.1/MCU/ARM_GCC_Support/ewl/lib/armv6-m\librt.a(__arm_eabi_init.o)
 .debug_aranges
                0x00000c60       0x30 C:/Freescale/CW MCU v11.1/MCU/ARM_GCC_Support/ewl/lib/armv6-m\librt.a(ROMCopy.o)

.debug_macinfo  0x00000000   0x1a618b
 .debug_macinfo
                0x00000000    0x264f0 ./Project_Settings/Startup_Code/kinetis_sysinit.o
 .debug_macinfo
                0x000264f0     0x3e6d ./Project_Settings/Startup_Code/__arm_start.o
 .debug_macinfo
                0x0002a35d     0x3456 ./Project_Settings/Startup_Code/__arm_end.o
 .debug_macinfo
                0x0002d7b3     0x8d76 ./Sources/FreeRTOS/portable/GCC/ARM_CM0/port.o
 .debug_macinfo
                0x00036529     0x8b5e ./Sources/FreeRTOS/portable/MemMang/heap_1.o
 .debug_macinfo
                0x0003f087     0x9b2c ./Sources/FreeRTOS/timers.o
 .debug_macinfo
                0x00048bb3     0x9ac5 ./Sources/FreeRTOS/tasks.o
 .debug_macinfo
                0x00052678     0x92f5 ./Sources/FreeRTOS/stream_buffer.o
 .debug_macinfo
                0x0005b96d     0x950d ./Sources/FreeRTOS/queue.o
 .debug_macinfo
                0x00064e7a     0x784c ./Sources/FreeRTOS/list.o
 .debug_macinfo
                0x0006c6c6    0x265b5 ./Sources/mcg.o
 .debug_macinfo
                0x00092c7b    0x2d523 ./Sources/awg_main.o
 .debug_macinfo
                0x000c019e    0x26664 ./Sources/analog.o
 .debug_macinfo
                0x000e6802    0x2656f ./Sources/OpenSDA_UART.o
 .debug_macinfo
                0x0010cd71    0x264cb ./Sources/KL25Z_port.o
 .debug_macinfo
                0x0013323c    0x264c6 ./Sources/KL25Z_pit.o
 .debug_macinfo
                0x00159702    0x264e4 ./Sources/KL25Z_gpio.o
 .debug_macinfo
                0x0017fbe6    0x265a5 ./Sources/KL25Z_NVIC.o

.debug_line     0x00000000     0x6286
 .debug_line    0x00000000      0x215 ./Project_Settings/Startup_Code/kinetis_sysinit.o
 .debug_line    0x00000215      0x298 ./Project_Settings/Startup_Code/__arm_start.o
 .debug_line    0x000004ad      0x265 ./Project_Settings/Startup_Code/__arm_end.o
 .debug_line    0x00000712      0x44a ./Sources/FreeRTOS/portable/GCC/ARM_CM0/port.o
 .debug_line    0x00000b5c      0x397 ./Sources/FreeRTOS/portable/MemMang/heap_1.o
 .debug_line    0x00000ef3      0x607 ./Sources/FreeRTOS/timers.o
 .debug_line    0x000014fa      0xc11 ./Sources/FreeRTOS/tasks.o
 .debug_line    0x0000210b      0x672 ./Sources/FreeRTOS/stream_buffer.o
 .debug_line    0x0000277d      0x8db ./Sources/FreeRTOS/queue.o
 .debug_line    0x00003058      0x39e ./Sources/FreeRTOS/list.o
 .debug_line    0x000033f6      0x9a1 ./Sources/mcg.o
 .debug_line    0x00003d97      0x517 ./Sources/awg_main.o
 .debug_line    0x000042ae      0x3e4 ./Sources/analog.o
 .debug_line    0x00004692      0x292 ./Sources/OpenSDA_UART.o
 .debug_line    0x00004924      0x2f1 ./Sources/KL25Z_port.o
 .debug_line    0x00004c15      0x276 ./Sources/KL25Z_pit.o
 .debug_line    0x00004e8b      0x2a9 ./Sources/KL25Z_gpio.o
 .debug_line    0x00005134      0x276 ./Sources/KL25Z_NVIC.o
 .debug_line    0x000053aa       0x8d C:/Freescale/CW MCU v11.1/MCU/ARM_GCC_Support/ewl/lib/armv6-m\libc.a(exit.o)
 .debug_line    0x00005437       0x90 C:/Freescale/CW MCU v11.1/MCU/ARM_GCC_Support/ewl/lib/armv6-m\libc.a(memset.o)
 .debug_line    0x000054c7       0xf6 C:/Freescale/CW MCU v11.1/MCU/ARM_GCC_Support/ewl/lib/armv6-m\libc.a(__filll_mem.o)
 .debug_line    0x000055bd       0x8b C:/Freescale/CW MCU v11.1/MCU/ARM_GCC_Support/ewl/lib/armv6-m\libc.a(memcpy.o)
 .debug_line    0x00005648      0x2c3 C:/Freescale/CW MCU v11.1/MCU/ARM_GCC_Support/ewl/lib/armv6-m\libc.a(printformat_.o)
 .debug_line    0x0000590b      0x2be C:/Freescale/CW MCU v11.1/MCU/ARM_GCC_Support/ewl/lib/armv6-m\libc.a(scanformat_.o)
 .debug_line    0x00005bc9      0x1be C:/Freescale/CW MCU v11.1/MCU/ARM_GCC_Support/ewl/lib/armv6-m\libc.a(ctype_aeabi.o)
 .debug_line    0x00005d87      0x11e C:/Freescale/CW MCU v11.1/MCU/ARM_GCC_Support/ewl/lib/armv6-m\libc.a(__strtoul.o)
 .debug_line    0x00005ea5       0x7d C:/Freescale/CW MCU v11.1/MCU/ARM_GCC_Support/ewl/lib/armv6-m\libc.a(strchr.o)
 .debug_line    0x00005f22       0x85 C:/Freescale/CW MCU v11.1/MCU/ARM_GCC_Support/ewl/lib/armv6-m\libc.a(strlen.o)
 .debug_line    0x00005fa7       0x9f C:/Freescale/CW MCU v11.1/MCU/ARM_GCC_Support/ewl/lib/armv6-m\libc.a(memchr.o)
 .debug_line    0x00006046       0x6c C:/Freescale/CW MCU v11.1/MCU/ARM_GCC_Support/ewl/lib/armv6-m\librt.a(gcc_ctor_dtor.o)
 .debug_line    0x000060b2      0x117 C:/Freescale/CW MCU v11.1/MCU/ARM_GCC_Support/ewl/lib/armv6-m\librt.a(__arm_eabi_init.o)
 .debug_line    0x000061c9       0xbd C:/Freescale/CW MCU v11.1/MCU/ARM_GCC_Support/ewl/lib/armv6-m\librt.a(ROMCopy.o)

.debug_str      0x00000000     0x3d42
 .debug_str     0x00000000      0x296 ./Project_Settings/Startup_Code/kinetis_sysinit.o
                                0x2bd (size before relaxing)
 .debug_str     0x00000296       0x85 ./Project_Settings/Startup_Code/__arm_start.o
                                0x197 (size before relaxing)
 .debug_str     0x0000031b       0x3a ./Project_Settings/Startup_Code/__arm_end.o
                                 0xce (size before relaxing)
 .debug_str     0x00000355      0x1c0 ./Sources/FreeRTOS/portable/GCC/ARM_CM0/port.o
                                0x2e6 (size before relaxing)
 .debug_str     0x00000515       0xb0 ./Sources/FreeRTOS/portable/MemMang/heap_1.o
                                0x1d3 (size before relaxing)
 .debug_str     0x000005c5      0x565 ./Sources/FreeRTOS/timers.o
                                0x70d (size before relaxing)
 .debug_str     0x00000b2a      0xd59 ./Sources/FreeRTOS/tasks.o
                               0x1002 (size before relaxing)
 .debug_str     0x00001883      0x4b7 ./Sources/FreeRTOS/stream_buffer.o
                                0x71c (size before relaxing)
 .debug_str     0x00001d3a      0x5b1 ./Sources/FreeRTOS/queue.o
                                0x8b0 (size before relaxing)
 .debug_str     0x000022eb       0xa8 ./Sources/FreeRTOS/list.o
                                0x275 (size before relaxing)
 .debug_str     0x00002393      0x2a7 ./Sources/mcg.o
                                0x4d1 (size before relaxing)
 .debug_str     0x0000263a      0x582 ./Sources/awg_main.o
                                0x6dc (size before relaxing)
 .debug_str     0x00002bbc      0x3ef ./Sources/analog.o
                                0x66b (size before relaxing)
 .debug_str     0x00002fab      0x14d ./Sources/OpenSDA_UART.o
                                0x408 (size before relaxing)
 .debug_str     0x000030f8      0x120 ./Sources/KL25Z_port.o
                                0x3a5 (size before relaxing)
 .debug_str     0x00003218      0x12e ./Sources/KL25Z_pit.o
                                0x338 (size before relaxing)
 .debug_str     0x00003346       0x96 ./Sources/KL25Z_gpio.o
                                0x240 (size before relaxing)
 .debug_str     0x000033dc       0xea ./Sources/KL25Z_NVIC.o
                                0x431 (size before relaxing)
 .debug_str     0x000034c6       0x5a C:/Freescale/CW MCU v11.1/MCU/ARM_GCC_Support/ewl/lib/armv6-m\libc.a(exit.o)
                                0x157 (size before relaxing)
 .debug_str     0x00003520       0x1c C:/Freescale/CW MCU v11.1/MCU/ARM_GCC_Support/ewl/lib/armv6-m\libc.a(memset.o)
                                0x140 (size before relaxing)
 .debug_str     0x0000353c       0x2d C:/Freescale/CW MCU v11.1/MCU/ARM_GCC_Support/ewl/lib/armv6-m\libc.a(__filll_mem.o)
                                0x152 (size before relaxing)
 .debug_str     0x00003569       0x1c C:/Freescale/CW MCU v11.1/MCU/ARM_GCC_Support/ewl/lib/armv6-m\libc.a(memcpy.o)
                                0x138 (size before relaxing)
 .debug_str     0x00003585      0x233 C:/Freescale/CW MCU v11.1/MCU/ARM_GCC_Support/ewl/lib/armv6-m\libc.a(printformat_.o)
                                0x3b3 (size before relaxing)
 .debug_str     0x000037b8      0x184 C:/Freescale/CW MCU v11.1/MCU/ARM_GCC_Support/ewl/lib/armv6-m\libc.a(scanformat_.o)
                                0x3f9 (size before relaxing)
 .debug_str     0x0000393c       0x9d C:/Freescale/CW MCU v11.1/MCU/ARM_GCC_Support/ewl/lib/armv6-m\libc.a(ctype_aeabi.o)
                                0x1bc (size before relaxing)
 .debug_str     0x000039d9       0x5b C:/Freescale/CW MCU v11.1/MCU/ARM_GCC_Support/ewl/lib/armv6-m\libc.a(__strtoul.o)
                                0x1fb (size before relaxing)
 .debug_str     0x00003a34       0x1c C:/Freescale/CW MCU v11.1/MCU/ARM_GCC_Support/ewl/lib/armv6-m\libc.a(strchr.o)
                                0x137 (size before relaxing)
 .debug_str     0x00003a50       0x1c C:/Freescale/CW MCU v11.1/MCU/ARM_GCC_Support/ewl/lib/armv6-m\libc.a(strlen.o)
                                0x140 (size before relaxing)
 .debug_str     0x00003a6c       0x1c C:/Freescale/CW MCU v11.1/MCU/ARM_GCC_Support/ewl/lib/armv6-m\libc.a(memchr.o)
                                0x148 (size before relaxing)
 .debug_str     0x00003a88      0x126 C:/Freescale/CW MCU v11.1/MCU/ARM_GCC_Support/ewl/lib/armv6-m\librt.a(gcc_ctor_dtor.o)
                                0x181 (size before relaxing)
 .debug_str     0x00003bae       0xf8 C:/Freescale/CW MCU v11.1/MCU/ARM_GCC_Support/ewl/lib/armv6-m\librt.a(__arm_eabi_init.o)
                                0x1b5 (size before relaxing)
 .debug_str     0x00003ca6       0x9c C:/Freescale/CW MCU v11.1/MCU/ARM_GCC_Support/ewl/lib/armv6-m\librt.a(ROMCopy.o)
                                0x13c (size before relaxing)

.comment        0x00000000       0x79
 .comment       0x00000000       0x79 ./Project_Settings/Startup_Code/kinetis_sysinit.o
                                 0x7a (size before relaxing)
 .comment       0x00000000       0x7a ./Project_Settings/Startup_Code/__arm_start.o
 .comment       0x00000000       0x7a ./Project_Settings/Startup_Code/__arm_end.o
 .comment       0x00000000       0x7a ./Sources/FreeRTOS/portable/GCC/ARM_CM0/port.o
 .comment       0x00000000       0x7a ./Sources/FreeRTOS/portable/MemMang/heap_1.o
 .comment       0x00000000       0x7a ./Sources/FreeRTOS/timers.o
 .comment       0x00000000       0x7a ./Sources/FreeRTOS/tasks.o
 .comment       0x00000000       0x7a ./Sources/FreeRTOS/stream_buffer.o
 .comment       0x00000000       0x7a ./Sources/FreeRTOS/queue.o
 .comment       0x00000000       0x7a ./Sources/FreeRTOS/list.o
 .comment       0x00000000       0x7a ./Sources/mcg.o
 .comment       0x00000000       0x7a ./Sources/awg_main.o
 .comment       0x00000000       0x7a ./Sources/analog.o
 .comment       0x00000000       0x7a ./Sources/OpenSDA_UART.o
 .comment       0x00000000       0x7a ./Sources/KL25Z_port.o
 .comment       0x00000000       0x7a ./Sources/KL25Z_pit.o
 .comment       0x00000000       0x7a ./Sources/KL25Z_gpio.o
 .comment       0x00000000       0x7a ./Sources/KL25Z_NVIC.o
 .comment       0x00000000       0x7a C:/Freescale/CW MCU v11.1/MCU/ARM_GCC_Support/ewl/lib/armv6-m\libc.a(exit.o)
 .comment       0x00000000       0x7a C:/Freescale/CW MCU v11.1/MCU/ARM_GCC_Support/ewl/lib/armv6-m\libc.a(memset.o)
 .comment       0x00000000       0x7a C:/Freescale/CW MCU v11.1/MCU/ARM_GCC_Support/ewl/lib/armv6-m\libc.a(__filll_mem.o)
 .comment       0x00000000       0x7a C:/Freescale/CW MCU v11.1/MCU/ARM_GCC_Support/ewl/lib/armv6-m\libc.a(memcpy.o)
 .comment       0x00000000       0x7a C:/Freescale/CW MCU v11.1/MCU/ARM_GCC_Support/ewl/lib/armv6-m\libc.a(printformat_.o)
 .comment       0x00000000       0x7a C:/Freescale/CW MCU v11.1/MCU/ARM_GCC_Support/ewl/lib/armv6-m\libc.a(scanformat_.o)
 .comment       0x00000000       0x7a C:/Freescale/CW MCU v11.1/MCU/ARM_GCC_Support/ewl/lib/armv6-m\libc.a(ctype_aeabi.o)
 .comment       0x00000000       0x7a C:/Freescale/CW MCU v11.1/MCU/ARM_GCC_Support/ewl/lib/armv6-m\libc.a(__strtoul.o)
 .comment       0x00000000       0x7a C:/Freescale/CW MCU v11.1/MCU/ARM_GCC_Support/ewl/lib/armv6-m\libc.a(strchr.o)
 .comment       0x00000000       0x7a C:/Freescale/CW MCU v11.1/MCU/ARM_GCC_Support/ewl/lib/armv6-m\libc.a(strlen.o)
 .comment       0x00000000       0x7a C:/Freescale/CW MCU v11.1/MCU/ARM_GCC_Support/ewl/lib/armv6-m\libc.a(memchr.o)
 .comment       0x00000000       0x7a C:/Freescale/CW MCU v11.1/MCU/ARM_GCC_Support/ewl/lib/armv6-m\librt.a(gcc_ctor_dtor.o)
 .comment       0x00000000       0x7a C:/Freescale/CW MCU v11.1/MCU/ARM_GCC_Support/ewl/lib/armv6-m\librt.a(__arm_eabi_init.o)
 .comment       0x00000000       0x7a C:/Freescale/CW MCU v11.1/MCU/ARM_GCC_Support/ewl/lib/armv6-m\librt.a(ROMCopy.o)

.debug_frame    0x00000000     0x2660
 .debug_frame   0x00000000       0x48 ./Project_Settings/Startup_Code/kinetis_sysinit.o
 .debug_frame   0x00000048       0x4c ./Project_Settings/Startup_Code/__arm_start.o
 .debug_frame   0x00000094       0x30 ./Project_Settings/Startup_Code/__arm_end.o
 .debug_frame   0x000000c4      0x174 ./Sources/FreeRTOS/portable/GCC/ARM_CM0/port.o
 .debug_frame   0x00000238       0x88 ./Sources/FreeRTOS/portable/MemMang/heap_1.o
 .debug_frame   0x000002c0      0x308 ./Sources/FreeRTOS/timers.o
 .debug_frame   0x000005c8      0x798 ./Sources/FreeRTOS/tasks.o
 .debug_frame   0x00000d60      0x310 ./Sources/FreeRTOS/stream_buffer.o
 .debug_frame   0x00001070      0x470 ./Sources/FreeRTOS/queue.o
 .debug_frame   0x000014e0       0xb0 ./Sources/FreeRTOS/list.o
 .debug_frame   0x00001590      0x3ac ./Sources/mcg.o
 .debug_frame   0x0000193c       0x6c ./Sources/awg_main.o
 .debug_frame   0x000019a8      0x2dc ./Sources/analog.o
 .debug_frame   0x00001c84       0xfc ./Sources/OpenSDA_UART.o
 .debug_frame   0x00001d80      0x150 ./Sources/KL25Z_port.o
 .debug_frame   0x00001ed0      0x10c ./Sources/KL25Z_pit.o
 .debug_frame   0x00001fdc       0xb0 ./Sources/KL25Z_gpio.o
 .debug_frame   0x0000208c      0x114 ./Sources/KL25Z_NVIC.o
 .debug_frame   0x000021a0       0x2c C:/Freescale/CW MCU v11.1/MCU/ARM_GCC_Support/ewl/lib/armv6-m\libc.a(exit.o)
 .debug_frame   0x000021cc       0x28 C:/Freescale/CW MCU v11.1/MCU/ARM_GCC_Support/ewl/lib/armv6-m\libc.a(memset.o)
 .debug_frame   0x000021f4       0x2c C:/Freescale/CW MCU v11.1/MCU/ARM_GCC_Support/ewl/lib/armv6-m\libc.a(__filll_mem.o)
 .debug_frame   0x00002220       0x28 C:/Freescale/CW MCU v11.1/MCU/ARM_GCC_Support/ewl/lib/armv6-m\libc.a(memcpy.o)
 .debug_frame   0x00002248       0x54 C:/Freescale/CW MCU v11.1/MCU/ARM_GCC_Support/ewl/lib/armv6-m\libc.a(printformat_.o)
 .debug_frame   0x0000229c       0x34 C:/Freescale/CW MCU v11.1/MCU/ARM_GCC_Support/ewl/lib/armv6-m\libc.a(scanformat_.o)
 .debug_frame   0x000022d0      0x158 C:/Freescale/CW MCU v11.1/MCU/ARM_GCC_Support/ewl/lib/armv6-m\libc.a(ctype_aeabi.o)
 .debug_frame   0x00002428       0x30 C:/Freescale/CW MCU v11.1/MCU/ARM_GCC_Support/ewl/lib/armv6-m\libc.a(__strtoul.o)
 .debug_frame   0x00002458       0x28 C:/Freescale/CW MCU v11.1/MCU/ARM_GCC_Support/ewl/lib/armv6-m\libc.a(strchr.o)
 .debug_frame   0x00002480       0x28 C:/Freescale/CW MCU v11.1/MCU/ARM_GCC_Support/ewl/lib/armv6-m\libc.a(strlen.o)
 .debug_frame   0x000024a8       0x28 C:/Freescale/CW MCU v11.1/MCU/ARM_GCC_Support/ewl/lib/armv6-m\libc.a(memchr.o)
 .debug_frame   0x000024d0       0x20 c:/freescale/cw mcu v11.1/cross_tools/arm-none-eabi-gcc-4_7_3/bin/../lib/gcc/arm-none-eabi/4.7.3/armv6-m\libgcc.a(_udivsi3.o)
 .debug_frame   0x000024f0       0x20 c:/freescale/cw mcu v11.1/cross_tools/arm-none-eabi-gcc-4_7_3/bin/../lib/gcc/arm-none-eabi/4.7.3/armv6-m\libgcc.a(_divsi3.o)
 .debug_frame   0x00002510       0x40 C:/Freescale/CW MCU v11.1/MCU/ARM_GCC_Support/ewl/lib/armv6-m\librt.a(gcc_ctor_dtor.o)
 .debug_frame   0x00002550       0xbc C:/Freescale/CW MCU v11.1/MCU/ARM_GCC_Support/ewl/lib/armv6-m\librt.a(__arm_eabi_init.o)
 .debug_frame   0x0000260c       0x54 C:/Freescale/CW MCU v11.1/MCU/ARM_GCC_Support/ewl/lib/armv6-m\librt.a(ROMCopy.o)
