Archive member included because of file (symbol)

C:/Freescale/CW MCU v11.1/MCU/ARM_GCC_Support/ewl/lib/armv6-m\libc.a(exit.o)
                              ./Project_Settings/Startup_Code/__arm_start.o (exit)
C:/Freescale/CW MCU v11.1/MCU/ARM_GCC_Support/ewl/lib/armv6-m\libc.a(memset.o)
                              ./Project_Settings/Startup_Code/__arm_start.o (memset)
C:/Freescale/CW MCU v11.1/MCU/ARM_GCC_Support/ewl/lib/armv6-m\libc.a(__filll_mem.o)
                              C:/Freescale/CW MCU v11.1/MCU/ARM_GCC_Support/ewl/lib/armv6-m\libc.a(memset.o) (__fill_mem)
C:/Freescale/CW MCU v11.1/MCU/ARM_GCC_Support/ewl/lib/armv6-m\libc.a(strcat.o)
                              ./Sources/awg_main.o (strcat)
C:/Freescale/CW MCU v11.1/MCU/ARM_GCC_Support/ewl/lib/armv6-m\libc.a(memcpy.o)
                              ./Sources/FreeRTOS/stream_buffer.o (memcpy)
C:/Freescale/CW MCU v11.1/MCU/ARM_GCC_Support/ewl/lib/armv6-m\libc.a(strtok.o)
                              ./Sources/awg_main.o (strtok)
C:/Freescale/CW MCU v11.1/MCU/ARM_GCC_Support/ewl/lib/armv6-m\libc.a(strlen.o)
                              ./Sources/awg_main.o (strlen)
C:/Freescale/CW MCU v11.1/MCU/ARM_GCC_Support/ewl/lib/armv6-m\libc.a(printformat_.o)
                              (__pformatter_)
C:/Freescale/CW MCU v11.1/MCU/ARM_GCC_Support/ewl/lib/armv6-m\libc.a(scanformat_.o)
                              (__sformatter)
C:/Freescale/CW MCU v11.1/MCU/ARM_GCC_Support/ewl/lib/armv6-m\libc.a(ctype_aeabi.o)
                              C:/Freescale/CW MCU v11.1/MCU/ARM_GCC_Support/ewl/lib/armv6-m\libc.a(scanformat_.o) (isspace)
C:/Freescale/CW MCU v11.1/MCU/ARM_GCC_Support/ewl/lib/armv6-m\libc.a(__strtoul.o)
                              C:/Freescale/CW MCU v11.1/MCU/ARM_GCC_Support/ewl/lib/armv6-m\libc.a(scanformat_.o) (__strtoul)
C:/Freescale/CW MCU v11.1/MCU/ARM_GCC_Support/ewl/lib/armv6-m\libc.a(strchr.o)
                              C:/Freescale/CW MCU v11.1/MCU/ARM_GCC_Support/ewl/lib/armv6-m\libc.a(printformat_.o) (strchr)
C:/Freescale/CW MCU v11.1/MCU/ARM_GCC_Support/ewl/lib/armv6-m\libc.a(memchr.o)
                              C:/Freescale/CW MCU v11.1/MCU/ARM_GCC_Support/ewl/lib/armv6-m\libc.a(printformat_.o) (memchr)
c:/freescale/cw mcu v11.1/cross_tools/arm-none-eabi-gcc-4_7_3/bin/../lib/gcc/arm-none-eabi/4.7.3/armv6-m\libgcc.a(_thumb1_case_sqi.o)
                              C:/Freescale/CW MCU v11.1/MCU/ARM_GCC_Support/ewl/lib/armv6-m\libc.a(__strtoul.o) (__gnu_thumb1_case_sqi)
c:/freescale/cw mcu v11.1/cross_tools/arm-none-eabi-gcc-4_7_3/bin/../lib/gcc/arm-none-eabi/4.7.3/armv6-m\libgcc.a(_thumb1_case_uqi.o)
                              C:/Freescale/CW MCU v11.1/MCU/ARM_GCC_Support/ewl/lib/armv6-m\libc.a(scanformat_.o) (__gnu_thumb1_case_uqi)
c:/freescale/cw mcu v11.1/cross_tools/arm-none-eabi-gcc-4_7_3/bin/../lib/gcc/arm-none-eabi/4.7.3/armv6-m\libgcc.a(_udivsi3.o)
                              ./Sources/FreeRTOS/queue.o (__aeabi_uidiv)
c:/freescale/cw mcu v11.1/cross_tools/arm-none-eabi-gcc-4_7_3/bin/../lib/gcc/arm-none-eabi/4.7.3/armv6-m\libgcc.a(_divsi3.o)
                              ./Sources/mcg.o (__aeabi_idiv)
c:/freescale/cw mcu v11.1/cross_tools/arm-none-eabi-gcc-4_7_3/bin/../lib/gcc/arm-none-eabi/4.7.3/armv6-m\libgcc.a(_dvmd_tls.o)
                              c:/freescale/cw mcu v11.1/cross_tools/arm-none-eabi-gcc-4_7_3/bin/../lib/gcc/arm-none-eabi/4.7.3/armv6-m\libgcc.a(_udivsi3.o) (__aeabi_idiv0)
c:/freescale/cw mcu v11.1/cross_tools/arm-none-eabi-gcc-4_7_3/bin/../lib/gcc/arm-none-eabi/4.7.3/armv6-m\libgcc.a(_fixunssfsi.o)
                              ./Sources/mcg.o (__aeabi_f2uiz)
c:/freescale/cw mcu v11.1/cross_tools/arm-none-eabi-gcc-4_7_3/bin/../lib/gcc/arm-none-eabi/4.7.3/armv6-m\libgcc.a(divsf3.o)
                              ./Sources/mcg.o (__aeabi_fdiv)
c:/freescale/cw mcu v11.1/cross_tools/arm-none-eabi-gcc-4_7_3/bin/../lib/gcc/arm-none-eabi/4.7.3/armv6-m\libgcc.a(mulsf3.o)
                              ./Sources/mcg.o (__aeabi_fmul)
c:/freescale/cw mcu v11.1/cross_tools/arm-none-eabi-gcc-4_7_3/bin/../lib/gcc/arm-none-eabi/4.7.3/armv6-m\libgcc.a(subsf3.o)
                              c:/freescale/cw mcu v11.1/cross_tools/arm-none-eabi-gcc-4_7_3/bin/../lib/gcc/arm-none-eabi/4.7.3/armv6-m\libgcc.a(_fixunssfsi.o) (__aeabi_fsub)
c:/freescale/cw mcu v11.1/cross_tools/arm-none-eabi-gcc-4_7_3/bin/../lib/gcc/arm-none-eabi/4.7.3/armv6-m\libgcc.a(fixsfsi.o)
                              c:/freescale/cw mcu v11.1/cross_tools/arm-none-eabi-gcc-4_7_3/bin/../lib/gcc/arm-none-eabi/4.7.3/armv6-m\libgcc.a(_fixunssfsi.o) (__aeabi_f2iz)
c:/freescale/cw mcu v11.1/cross_tools/arm-none-eabi-gcc-4_7_3/bin/../lib/gcc/arm-none-eabi/4.7.3/armv6-m\libgcc.a(floatsisf.o)
                              ./Sources/mcg.o (__aeabi_i2f)
c:/freescale/cw mcu v11.1/cross_tools/arm-none-eabi-gcc-4_7_3/bin/../lib/gcc/arm-none-eabi/4.7.3/armv6-m\libgcc.a(_arm_cmpsf2.o)
[...]
Memory Configuration

Name             Origin             Length             Attributes
m_interrupts     0x00000000         0x000000c0         xr
m_cfmprotrom     0x00000400         0x00000010         xr
m_text           0x00000800         0x0001f800         xr
m_data           0x1ffff000         0x00004000         xrw
*default*        0x00000000         0xffffffff

Linker script and memory map

LOAD ./Project_Settings/Startup_Code/kinetis_sysinit.o
LOAD ./Project_Settings/Startup_Code/__arm_start.o
LOAD ./Project_Settings/Startup_Code/__arm_end.o
LOAD ./Sources/FreeRTOS/portable/GCC/ARM_CM0/port.o
LOAD ./Sources/FreeRTOS/portable/MemMang/heap_1.o
LOAD ./Sources/FreeRTOS/timers.o
LOAD ./Sources/FreeRTOS/tasks.o
LOAD ./Sources/FreeRTOS/stream_buffer.o
LOAD ./Sources/FreeRTOS/queue.o
LOAD ./Sources/FreeRTOS/list.o
LOAD ./Sources/FreeRTOS/event_groups.o
LOAD ./Sources/FreeRTOS/croutine.o
LOAD ./Sources/sa_mtb.o
LOAD ./Sources/mcg.o
LOAD ./Sources/int_to_string_and_string_to_int.o
LOAD ./Sources/awg_main.o
LOAD ./Sources/analog.o
LOAD ./Sources/Shield_pushbuttons.o
LOAD ./Sources/Shield_LEDs.o
LOAD ./Sources/OpenSDA_UART.o
LOAD ./Sources/KL25Z_port.o
LOAD ./Sources/KL25Z_pit.o
LOAD ./Sources/KL25Z_gpio.o
LOAD ./Sources/KL25Z_NVIC.o
                0x000054dc                __pformatter = __pformatter_
                [0x00005904]                __sformatter = __sformatter
START GROUP
LOAD C:/Freescale/CW MCU v11.1/MCU/ARM_GCC_Support/ewl/lib/armv6-m\libc.a
LOAD C:/Freescale/CW MCU v11.1/MCU/ARM_GCC_Support/ewl/lib/armv6-m\libm.a
LOAD c:/freescale/cw mcu v11.1/cross_tools/arm-none-eabi-gcc-4_7_3/bin/../lib/gcc/arm-none-eabi/4.7.3/armv6-m\libgcc.a
LOAD C:/Freescale/CW MCU v11.1/MCU/ARM_GCC_Support/ewl/lib/armv6-m\librt.a
LOAD C:/Freescale/CW MCU v11.1/MCU/ARM_GCC_Support/ewl/lib/armv6-m\libuart.a
END GROUP
                0x20003000                _estack = 0x20003000
                0x20003000                __SP_INIT = _estack
                0x00001000                __heap_size = 0x1000
                0x00001000                __stack_size = 0x1000

.interrupts     0x00000000       0xc0
                0x00000000                __vector_table = .
                0x00000000                . = ALIGN (0x4)
 *(.vectortable)
 .vectortable   0x00000000       0xc0 ./Project_Settings/Startup_Code/kinetis_sysinit.o
                0x00000000                InterruptVector
                0x000000c0                . = ALIGN (0x4)

.cfmprotect     0x00000400        0x0
                0x00000400                . = ALIGN (0x4)
 *(.cfmconfig)
                0x00000400                . = ALIGN (0x4)

.text           0x00000800     0x6288
                0x00000800                . = ALIGN (0x4)
 *(.text)
 .text          0x00000800       0x14 c:/freescale/cw mcu v11.1/cross_tools/arm-none-eabi-gcc-4_7_3/bin/../lib/gcc/arm-none-eabi/4.7.3/armv6-m\libgcc.a(_thumb1_case_sqi.o)
                0x00000800                __gnu_thumb1_case_sqi
 .text          0x00000814       0x14 c:/freescale/cw mcu v11.1/cross_tools/arm-none-eabi-gcc-4_7_3/bin/../lib/gcc/arm-none-eabi/4.7.3/armv6-m\libgcc.a(_thumb1_case_uqi.o)
                0x00000814                __gnu_thumb1_case_uqi
 .text          0x00000828       0x9c c:/freescale/cw mcu v11.1/cross_tools/arm-none-eabi-gcc-4_7_3/bin/../lib/gcc/arm-none-eabi/4.7.3/armv6-m\libgcc.a(_udivsi3.o)
                0x00000828                __aeabi_uidiv
                0x00000828                __udivsi3
                0x000008b0                __aeabi_uidivmod
 .text          0x000008c4       0xc0 c:/freescale/cw mcu v11.1/cross_tools/arm-none-eabi-gcc-4_7_3/bin/../lib/gcc/arm-none-eabi/4.7.3/armv6-m\libgcc.a(_divsi3.o)
                0x000008c4                __divsi3
                0x000008c4                __aeabi_idiv
                0x00000970                __aeabi_idivmod
 .text          0x00000984        0x4 c:/freescale/cw mcu v11.1/cross_tools/arm-none-eabi-gcc-4_7_3/bin/../lib/gcc/arm-none-eabi/4.7.3/armv6-m\libgcc.a(_dvmd_tls.o)
                0x00000984                __aeabi_idiv0
                0x00000984                __aeabi_ldiv0
 *(.text*)
 .text.Default_Handler
                0x00000988        0xc ./Project_Settings/Startup_Code/kinetis_sysinit.o
                0x00000988                RTC_Alarm_IRQHandler
                0x00000988                I2C0_IRQHandler
                0x00000988                HardFault_Handler
                0x00000988                NMI_Handler
                0x00000988                I2C1_IRQHandler
                0x00000988                UART1_IRQHandler
                0x00000988                DMA2_IRQHandler
                0x00000988                TSI0_IRQHandler
                0x00000988                ADC0_IRQHandler
                0x00000988                SPI1_IRQHandler
                0x00000988                PORTD_IRQHandler
                0x00000988                LPTimer_IRQHandler
                0x00000988                FTM1_IRQHandler
                0x00000988                RTC_Seconds_IRQHandler
                0x00000988                MCG_IRQHandler
                0x00000988                UART2_IRQHandler
                0x00000988                Default_Handler
                0x00000988                LLW_IRQHandler
                0x00000988                SVC_Handler
                0x00000988                USBOTG_IRQHandler
                0x00000988                DMA3_IRQHandler
                0x00000988                DMA0_IRQHandler
                0x00000988                DAC0_IRQHandler
                0x00000988                PMC_IRQHandler
                0x00000988                SPI0_IRQHandler
                0x00000988                FTM0_IRQHandler
                0x00000988                PORTA_IRQHandler
                0x00000988                MCM_IRQHandler
                0x00000988                FTFL_IRQHandler
                0x00000988                FTM2_IRQHandler
                0x00000988                CMP0_IRQHandler
                0x00000988                DMA1_IRQHandler
 .text.__init_hardware
                0x00000994       0x2c ./Project_Settings/Startup_Code/kinetis_sysinit.o
                0x00000994                __init_hardware
 .text.zero_fill_bss
                0x000009c0       0x24 ./Project_Settings/Startup_Code/__arm_start.o
 .text.__thumb_startup
                0x000009e4       0x30 ./Project_Settings/Startup_Code/__arm_start.o
                0x000009e4                __thumb_startup
 .text._ExitProcess
                0x00000a14        0xc ./Project_Settings/Startup_Code/__arm_end.o
                0x00000a14                _ExitProcess
 .text.pxPortInitialiseStack
                0x00000a20       0x54 ./Sources/FreeRTOS/portable/GCC/ARM_CM0/port.o
                0x00000a20                pxPortInitialiseStack
 .text.prvTaskExitError
                0x00000a74       0x2c ./Sources/FreeRTOS/portable/GCC/ARM_CM0/port.o
 .text.vPortStartFirstTask
                0x00000aa0       0x40 ./Sources/FreeRTOS/portable/GCC/ARM_CM0/port.o
 .text.xPortStartScheduler
                0x00000ae0       0x3c ./Sources/FreeRTOS/portable/GCC/ARM_CM0/port.o
                0x00000ae0                xPortStartScheduler
 .text.vPortYield
                0x00000b1c       0x1c ./Sources/FreeRTOS/portable/GCC/ARM_CM0/port.o
                0x00000b1c                vPortYield
 .text.vPortEnterCritical
                0x00000b38       0x20 ./Sources/FreeRTOS/portable/GCC/ARM_CM0/port.o
                0x00000b38                vPortEnterCritical
 .text.vPortExitCritical
                0x00000b58       0x2c ./Sources/FreeRTOS/portable/GCC/ARM_CM0/port.o
                0x00000b58                vPortExitCritical
 .text.ulSetInterruptMaskFromISR
                0x00000b84        0xc ./Sources/FreeRTOS/portable/GCC/ARM_CM0/port.o
                0x00000b84                ulSetInterruptMaskFromISR
 .text.vClearInterruptMaskFromISR
                0x00000b90        0x8 ./Sources/FreeRTOS/portable/GCC/ARM_CM0/port.o
                0x00000b90                vClearInterruptMaskFromISR
 *fill*         0x00000b98        0x8 00
 .text.PendSV_Handler
                0x00000ba0       0x50 ./Sources/FreeRTOS/portable/GCC/ARM_CM0/port.o
                0x00000ba0                PendSV_Handler
 .text.SysTick_Handler
                0x00000bf0       0x34 ./Sources/FreeRTOS/portable/GCC/ARM_CM0/port.o
                0x00000bf0                SysTick_Handler
 .text.vPortSetupTimerInterrupt
                0x00000c24       0x30 ./Sources/FreeRTOS/portable/GCC/ARM_CM0/port.o
                0x00000c24                vPortSetupTimerInterrupt
 .text.pvPortMalloc
                0x00000c54       0x8c ./Sources/FreeRTOS/portable/MemMang/heap_1.o
                0x00000c54                pvPortMalloc
 .text.vPortFree
                0x00000ce0       0x18 ./Sources/FreeRTOS/portable/MemMang/heap_1.o
                0x00000ce0                vPortFree
 .text.xTimerCreateTimerTask
                0x00000cf8       0x58 ./Sources/FreeRTOS/timers.o
                0x00000cf8                xTimerCreateTimerTask
 .text.xTimerGenericCommand
                0x00000d50       0xac ./Sources/FreeRTOS/timers.o
                0x00000d50                xTimerGenericCommand
 .text.prvProcessExpiredTimer
                0x00000dfc       0x90 ./Sources/FreeRTOS/timers.o
 .text.prvTimerTask
                0x00000e8c       0x28 ./Sources/FreeRTOS/timers.o
 .text.prvProcessTimerOrBlockTask
                0x00000eb4       0x98 ./Sources/FreeRTOS/timers.o
 .text.prvGetNextExpireTime
                0x00000f4c       0x44 ./Sources/FreeRTOS/timers.o
 .text.prvSampleTimeNow
                0x00000f90       0x40 ./Sources/FreeRTOS/timers.o
 .text.prvInsertTimerInActiveList
                0x00000fd0       0x84 ./Sources/FreeRTOS/timers.o
 .text.prvProcessReceivedCommands
                0x00001054      0x174 ./Sources/FreeRTOS/timers.o
 .text.prvSwitchTimerLists
                0x000011c8       0xbc ./Sources/FreeRTOS/timers.o
 .text.prvCheckForValidListAndQueue
                0x00001284       0x74 ./Sources/FreeRTOS/timers.o
 .text.xTaskCreate
                0x000012f8       0x90 ./Sources/FreeRTOS/tasks.o
                0x000012f8                xTaskCreate
 .text.prvInitialiseNewTask
                0x00001388      0x11c ./Sources/FreeRTOS/tasks.o
 .text.prvAddNewTaskToReadyList
                0x000014a4       0xcc ./Sources/FreeRTOS/tasks.o
 .text.vTaskStartScheduler
                0x00001570       0x84 ./Sources/FreeRTOS/tasks.o
                0x00001570                vTaskStartScheduler
 .text.vTaskSuspendAll
                0x000015f4       0x18 ./Sources/FreeRTOS/tasks.o
                0x000015f4                vTaskSuspendAll
 .text.xTaskResumeAll
                0x0000160c      0x118 ./Sources/FreeRTOS/tasks.o
                0x0000160c                xTaskResumeAll
 .text.xTaskGetTickCount
                0x00001724       0x1c ./Sources/FreeRTOS/tasks.o
                0x00001724                xTaskGetTickCount
 .text.xTaskIncrementTick
                0x00001740      0x164 ./Sources/FreeRTOS/tasks.o
                0x00001740                xTaskIncrementTick
 .text.vTaskSwitchContext
                0x000018a4       0xa0 ./Sources/FreeRTOS/tasks.o
                0x000018a4                vTaskSwitchContext
 .text.vTaskPlaceOnEventList
                0x00001944       0x38 ./Sources/FreeRTOS/tasks.o
                0x00001944                vTaskPlaceOnEventList
 .text.vTaskPlaceOnEventListRestricted
                0x0000197c       0x48 ./Sources/FreeRTOS/tasks.o
                0x0000197c                vTaskPlaceOnEventListRestricted
 .text.xTaskRemoveFromEventList
                0x000019c4       0xb8 ./Sources/FreeRTOS/tasks.o
                0x000019c4                xTaskRemoveFromEventList
 .text.vTaskInternalSetTimeOutState
                0x00001a7c       0x28 ./Sources/FreeRTOS/tasks.o
                0x00001a7c                vTaskInternalSetTimeOutState
 .text.xTaskCheckForTimeOut
                0x00001aa4       0xa8 ./Sources/FreeRTOS/tasks.o
                0x00001aa4                xTaskCheckForTimeOut
 .text.vTaskMissedYield
                0x00001b4c       0x14 ./Sources/FreeRTOS/tasks.o
                0x00001b4c                vTaskMissedYield
 .text.prvIdleTask
                0x00001b60       0x24 ./Sources/FreeRTOS/tasks.o
 .text.prvInitialiseTaskLists
                0x00001b84       0x88 ./Sources/FreeRTOS/tasks.o
 .text.prvCheckTasksWaitingTermination
                0x00001c0c       0x58 ./Sources/FreeRTOS/tasks.o
 .text.prvDeleteTCB
                0x00001c64       0x20 ./Sources/FreeRTOS/tasks.o
 .text.prvResetNextTaskUnblockTime
                0x00001c84       0x30 ./Sources/FreeRTOS/tasks.o
 .text.xTaskGetCurrentTaskHandle
                0x00001cb4       0x1c ./Sources/FreeRTOS/tasks.o
                0x00001cb4                xTaskGetCurrentTaskHandle
 .text.xTaskGetSchedulerState
                0x00001cd0       0x38 ./Sources/FreeRTOS/tasks.o
                0x00001cd0                xTaskGetSchedulerState
 .text.xTaskPriorityDisinherit
                0x00001d08       0xb8 ./Sources/FreeRTOS/tasks.o
                0x00001d08                xTaskPriorityDisinherit
 .text.xTaskGenericNotifyWait
                0x00001dc0       0xe8 ./Sources/FreeRTOS/tasks.o
                0x00001dc0                xTaskGenericNotifyWait
 .text.xTaskGenericNotify
                0x00001ea8      0x170 ./Sources/FreeRTOS/tasks.o
                0x00001ea8                xTaskGenericNotify
 .text.xTaskGenericNotifyFromISR
                0x00002018      0x1ac ./Sources/FreeRTOS/tasks.o
                0x00002018                xTaskGenericNotifyFromISR
 .text.xTaskGenericNotifyStateClear
                0x000021c4       0x64 ./Sources/FreeRTOS/tasks.o
                0x000021c4                xTaskGenericNotifyStateClear
 .text.prvAddCurrentTaskToDelayedList
                0x00002228       0xa8 ./Sources/FreeRTOS/tasks.o
 .text.xStreamBufferGenericCreate
                0x000022d0       0x8c ./Sources/FreeRTOS/stream_buffer.o
                0x000022d0                xStreamBufferGenericCreate
 .text.xStreamBufferSpacesAvailable
                0x0000235c       0x50 ./Sources/FreeRTOS/stream_buffer.o
                0x0000235c                xStreamBufferSpacesAvailable
 .text.xStreamBufferSendFromISR
                0x000023ac       0xb4 ./Sources/FreeRTOS/stream_buffer.o
                0x000023ac                xStreamBufferSendFromISR
 .text.prvWriteMessageToBuffer
                0x00002460       0x84 ./Sources/FreeRTOS/stream_buffer.o
 .text.xStreamBufferReceive
                0x000024e4      0x110 ./Sources/FreeRTOS/stream_buffer.o
                0x000024e4                xStreamBufferReceive
 .text.prvReadMessageFromBuffer
                0x000025f4       0x68 ./Sources/FreeRTOS/stream_buffer.o
 .text.prvWriteBytesToBuffer
                0x0000265c       0xb8 ./Sources/FreeRTOS/stream_buffer.o
 .text.prvReadBytesFromBuffer
                0x00002714       0xc8 ./Sources/FreeRTOS/stream_buffer.o
 .text.prvBytesInBuffer
                0x000027dc       0x3c ./Sources/FreeRTOS/stream_buffer.o
 .text.prvInitialiseNewStreamBuffer
                0x00002818       0x5c ./Sources/FreeRTOS/stream_buffer.o
 .text.xQueueGenericReset
                0x00002874       0xac ./Sources/FreeRTOS/queue.o
                0x00002874                xQueueGenericReset
 .text.xQueueGenericCreate
                0x00002920       0x80 ./Sources/FreeRTOS/queue.o
                0x00002920                xQueueGenericCreate
 .text.prvInitialiseNewQueue
                0x000029a0       0x4c ./Sources/FreeRTOS/queue.o
 .text.xQueueGenericSend
                0x000029ec      0x1a0 ./Sources/FreeRTOS/queue.o
                0x000029ec                xQueueGenericSend
 .text.xQueueGenericSendFromISR
                0x00002b8c      0x100 ./Sources/FreeRTOS/queue.o
                0x00002b8c                xQueueGenericSendFromISR
 .text.xQueueReceive
                0x00002c8c      0x180 ./Sources/FreeRTOS/queue.o
                0x00002c8c                xQueueReceive
 .text.prvCopyDataToQueue
                0x00002e0c       0xe0 ./Sources/FreeRTOS/queue.o
 .text.prvCopyDataFromQueue
                0x00002eec       0x50 ./Sources/FreeRTOS/queue.o
 .text.prvUnlockQueue
                0x00002f3c       0xc0 ./Sources/FreeRTOS/queue.o
 .text.prvIsQueueEmpty
                0x00002ffc       0x2c ./Sources/FreeRTOS/queue.o
 .text.prvIsQueueFull
                0x00003028       0x30 ./Sources/FreeRTOS/queue.o
 .text.vQueueAddToRegistry
                0x00003058       0x4c ./Sources/FreeRTOS/queue.o
                0x00003058                vQueueAddToRegistry
 .text.vQueueWaitForMessageRestricted
                0x000030a4       0x70 ./Sources/FreeRTOS/queue.o
                0x000030a4                vQueueWaitForMessageRestricted
 .text.vListInitialise
                0x00003114       0x3c ./Sources/FreeRTOS/list.o
                0x00003114                vListInitialise
 .text.vListInitialiseItem
                0x00003150       0x14 ./Sources/FreeRTOS/list.o
                0x00003150                vListInitialiseItem
 .text.vListInsertEnd
                0x00003164       0x44 ./Sources/FreeRTOS/list.o
                0x00003164                vListInsertEnd
 .text.vListInsert
                0x000031a8       0x6c ./Sources/FreeRTOS/list.o
                0x000031a8                vListInsert
 .text.uxListRemove
                0x00003214       0x50 ./Sources/FreeRTOS/list.o
                0x00003214                uxListRemove
 .text.pll_init
                0x00003264      0x548 ./Sources/mcg.o
                0x00003264                pll_init
 .text.uint32_to_ascii
                0x000037ac       0xec ./Sources/int_to_string_and_string_to_int.o
                0x000037ac                uint32_to_ascii
 .text.ascii_to_uint32
                0x00003898       0xc0 ./Sources/int_to_string_and_string_to_int.o
                0x00003898                ascii_to_uint32
 .text.main     0x00003958      0x10c ./Sources/awg_main.o
                0x00003958                main
 .text.Command_Interface_Task
                0x00003a64      0xcb0 ./Sources/awg_main.o
                0x00003a64                Command_Interface_Task
 .text.PIT_IRQHandler
                0x00004714       0x8c ./Sources/awg_main.o
                0x00004714                PIT_IRQHandler
 .text.UART0_IRQHandler
                0x000047a0       0x40 ./Sources/awg_main.o
                0x000047a0                UART0_IRQHandler
 .text.enable_dac_clock
                0x000047e0       0x24 ./Sources/analog.o
                0x000047e0                enable_dac_clock
 .text.init_dac
                0x00004804       0x28 ./Sources/analog.o
                0x00004804                init_dac
 .text.init_dac_pin
                0x0000482c       0x14 ./Sources/analog.o
                0x0000482c                init_dac_pin
 .text.set_dac_output
                0x00004840       0x38 ./Sources/analog.o
                0x00004840                set_dac_output
 .text.enable_opensda_uart_clock
                0x00004878       0x24 ./Sources/OpenSDA_UART.o
                0x00004878                enable_opensda_uart_clock
 .text.init_opensda_uart_pins
                0x0000489c       0x20 ./Sources/OpenSDA_UART.o
                0x0000489c                init_opensda_uart_pins
 .text.init_opensda_uart
                0x000048bc       0xc4 ./Sources/OpenSDA_UART.o
                0x000048bc                init_opensda_uart
 .text.opensda_uart_transmit_char
                0x00004980       0x30 ./Sources/OpenSDA_UART.o
                0x00004980                opensda_uart_transmit_char
 .text.opensda_uart_transmit_string
                0x000049b0       0x28 ./Sources/OpenSDA_UART.o
                0x000049b0                opensda_uart_transmit_string
 .text.enable_port_clock
                0x000049d8       0x94 ./Sources/KL25Z_port.o
                0x000049d8                enable_port_clock
 .text.set_port_mux
                0x00004a6c       0xf0 ./Sources/KL25Z_port.o
                0x00004a6c                set_port_mux
 .text.enable_pit_clock
                0x00004b5c       0x24 ./Sources/KL25Z_pit.o
                0x00004b5c                enable_pit_clock
 .text.init_PIT
                0x00004b80      0x130 ./Sources/KL25Z_pit.o
                0x00004b80                init_PIT
 .text.set_PIT_modulus
                0x00004cb0       0x34 ./Sources/KL25Z_pit.o
                0x00004cb0                set_PIT_modulus
 .text.start_PIT
                0x00004ce4       0x48 ./Sources/KL25Z_pit.o
                0x00004ce4                start_PIT
 .text.clear_PIT_int_flag
                0x00004d2c       0x48 ./Sources/KL25Z_pit.o
                0x00004d2c                clear_PIT_int_flag
 .text.init_gpio_pin
                0x00004d74      0x148 ./Sources/KL25Z_gpio.o
                0x00004d74                init_gpio_pin
 .text.set_gpio_pin_level
                0x00004ebc      0x148 ./Sources/KL25Z_gpio.o
                0x00004ebc                set_gpio_pin_level
 .text.NVIC_EnableIRQ
                0x00005004       0x2c ./Sources/KL25Z_NVIC.o
                0x00005004                NVIC_EnableIRQ
 .text.NVIC_DisableIRQ
                0x00005030       0x2c ./Sources/KL25Z_NVIC.o
                0x00005030                NVIC_DisableIRQ
 .text.NVIC_ClearPendingIRQ
                0x0000505c       0x2c ./Sources/KL25Z_NVIC.o
                0x0000505c                NVIC_ClearPendingIRQ
 .text.NVIC_SetPriority
                0x00005088      0x118 ./Sources/KL25Z_NVIC.o
                0x00005088                NVIC_SetPriority
 .text.exit     0x000051a0       0x38 C:/Freescale/CW MCU v11.1/MCU/ARM_GCC_Support/ewl/lib/armv6-m\libc.a(exit.o)
                0x000051a0                exit
 .text.memset   0x000051d8        0xc C:/Freescale/CW MCU v11.1/MCU/ARM_GCC_Support/ewl/lib/armv6-m\libc.a(memset.o)
                0x000051d8                memset
 .text.__fill_mem
                0x000051e4       0x7e C:/Freescale/CW MCU v11.1/MCU/ARM_GCC_Support/ewl/lib/armv6-m\libc.a(__filll_mem.o)
                0x000051e4                __fill_mem
 .text.strcat   0x00005262       0x1e C:/Freescale/CW MCU v11.1/MCU/ARM_GCC_Support/ewl/lib/armv6-m\libc.a(strcat.o)
                0x00005262                strcat
 .text.memcpy   0x00005280       0x12 C:/Freescale/CW MCU v11.1/MCU/ARM_GCC_Support/ewl/lib/armv6-m\libc.a(memcpy.o)
                0x00005280                memcpy
 *fill*         0x00005292        0x2 00
 .text.strtok   0x00005294       0x9c C:/Freescale/CW MCU v11.1/MCU/ARM_GCC_Support/ewl/lib/armv6-m\libc.a(strtok.o)
                0x00005294                strtok
 .text.strlen   0x00005330       0x10 C:/Freescale/CW MCU v11.1/MCU/ARM_GCC_Support/ewl/lib/armv6-m\libc.a(strlen.o)
                0x00005330                strlen
 .text.long2str.isra.0
                0x00005340      0x19c C:/Freescale/CW MCU v11.1/MCU/ARM_GCC_Support/ewl/lib/armv6-m\libc.a(printformat_.o)
 .text.__pformatter_
                0x000054dc      0x428 C:/Freescale/CW MCU v11.1/MCU/ARM_GCC_Support/ewl/lib/armv6-m\libc.a(printformat_.o)
                0x000054dc                __pformatter_
 .text.__sformatter
                0x00005904      0x698 C:/Freescale/CW MCU v11.1/MCU/ARM_GCC_Support/ewl/lib/armv6-m\libc.a(scanformat_.o)
                0x00005904                __sformatter
 .text.isalpha  0x00005f9c       0x20 C:/Freescale/CW MCU v11.1/MCU/ARM_GCC_Support/ewl/lib/armv6-m\libc.a(ctype_aeabi.o)
                0x00005f9c                isalpha
 .text.isspace  0x00005fbc       0x20 C:/Freescale/CW MCU v11.1/MCU/ARM_GCC_Support/ewl/lib/armv6-m\libc.a(ctype_aeabi.o)
                0x00005fbc                isspace
 .text.toupper  0x00005fdc        0xe C:/Freescale/CW MCU v11.1/MCU/ARM_GCC_Support/ewl/lib/armv6-m\libc.a(ctype_aeabi.o)
                0x00005fdc                toupper
 .text.__strtoul
                0x00005fea      0x1ce C:/Freescale/CW MCU v11.1/MCU/ARM_GCC_Support/ewl/lib/armv6-m\libc.a(__strtoul.o)
                0x00005fea                __strtoul
 .text.strchr   0x000061b8       0x1e C:/Freescale/CW MCU v11.1/MCU/ARM_GCC_Support/ewl/lib/armv6-m\libc.a(strchr.o)
                0x000061b8                strchr
 .text.memchr   0x000061d6       0x1a C:/Freescale/CW MCU v11.1/MCU/ARM_GCC_Support/ewl/lib/armv6-m\libc.a(memchr.o)
                0x000061d6                memchr
 .text.__init_cpp
                0x000061f0       0x48 C:/Freescale/CW MCU v11.1/MCU/ARM_GCC_Support/ewl/lib/armv6-m\librt.a(gcc_ctor_dtor.o)
                0x000061f0                __init_cpp
 .text.__fini_cpp
                0x00006238       0x34 C:/Freescale/CW MCU v11.1/MCU/ARM_GCC_Support/ewl/lib/armv6-m\librt.a(gcc_ctor_dtor.o)
                0x00006238                __fini_cpp
 .text.__destroy_global_chain
                0x0000626c       0x1c C:/Freescale/CW MCU v11.1/MCU/ARM_GCC_Support/ewl/lib/armv6-m\librt.a(__arm_eabi_init.o)
                0x0000626c                __destroy_global_chain
 .text.__init_registers
                0x00006288       0x1c C:/Freescale/CW MCU v11.1/MCU/ARM_GCC_Support/ewl/lib/armv6-m\librt.a(__arm_eabi_init.o)
                0x00006288                __init_registers
 .text.__init_user
                0x000062a4        0x4 C:/Freescale/CW MCU v11.1/MCU/ARM_GCC_Support/ewl/lib/armv6-m\librt.a(__arm_eabi_init.o)
                0x000062a4                __init_user
 .text.__copy_rom_section
                0x000062a8       0x48 C:/Freescale/CW MCU v11.1/MCU/ARM_GCC_Support/ewl/lib/armv6-m\librt.a(ROMCopy.o)
                0x000062a8                __copy_rom_section
 .text.__copy_rom_sections_to_ram
                0x000062f0       0x34 C:/Freescale/CW MCU v11.1/MCU/ARM_GCC_Support/ewl/lib/armv6-m\librt.a(ROMCopy.o)
                0x000062f0                __copy_rom_sections_to_ram
 *(.rodata)
 .rodata        0x00006324       0x10 ./Sources/FreeRTOS/timers.o
 .rodata        0x00006334        0x8 ./Sources/FreeRTOS/tasks.o
 .rodata        0x0000633c       0xb4 ./Sources/awg_main.o
 *(.rodata*)
 .rodata.prvProcessReceivedCommands
                0x000063f0       0x28 ./Sources/FreeRTOS/timers.o
 .rodata.xTaskGenericNotify
                0x00006418       0x14 ./Sources/FreeRTOS/tasks.o
 .rodata.xTaskGenericNotifyFromISR
                0x0000642c       0x14 ./Sources/FreeRTOS/tasks.o
 .rodata.sine_data
                0x00006440      0x190 ./Sources/awg_main.o
                0x00006440                sine_data
 .rodata.triangle_data
                0x000065d0      0x190 ./Sources/awg_main.o
                0x000065d0                triangle_data
 .rodata.Command_Interface_Task
                0x00006760      0x1cc ./Sources/awg_main.o
 .rodata.enable_port_clock
                0x0000692c       0x14 ./Sources/KL25Z_port.o
 .rodata.set_port_mux
                0x00006940       0x14 ./Sources/KL25Z_port.o
 .rodata.init_gpio_pin
                0x00006954       0x14 ./Sources/KL25Z_gpio.o
 .rodata.set_gpio_pin_level
                0x00006968       0x14 ./Sources/KL25Z_gpio.o
 .rodata.str1.1
                0x0000697c        0x1 C:/Freescale/CW MCU v11.1/MCU/ARM_GCC_Support/ewl/lib/armv6-m\libc.a(strtok.o)
 .rodata.str1.1
                0x00000000        0x1 C:/Freescale/CW MCU v11.1/MCU/ARM_GCC_Support/ewl/lib/armv6-m\libc.a(printformat_.o)
 .rodata.CSWTCH.20
                0x0000697d        0x5 C:/Freescale/CW MCU v11.1/MCU/ARM_GCC_Support/ewl/lib/armv6-m\libc.a(printformat_.o)
 .rodata.CSWTCH.21
                0x00006982        0x5 C:/Freescale/CW MCU v11.1/MCU/ARM_GCC_Support/ewl/lib/armv6-m\libc.a(printformat_.o)
 .rodata.__aeabi_ctype_table_C
                0x00006987      0x101 C:/Freescale/CW MCU v11.1/MCU/ARM_GCC_Support/ewl/lib/armv6-m\libc.a(ctype_aeabi.o)
                0x00006987                __aeabi_ctype_table_C
 *(.glue_7)
 .glue_7        0x00000000        0x0 linker stubs
 *(.glue_7t)
 .glue_7t       0x00000000        0x0 linker stubs
 *(.eh_frame)
 *(.init)
 *(.fini)
                0x00006a88                . = ALIGN (0x4)
                0x00006a88                _etext = .

.vfp11_veneer   0x00006a88        0x0
 .vfp11_veneer  0x00000000        0x0 linker stubs

.v4_bx          0x00006a88        0x0
 .v4_bx         0x00000000        0x0 linker stubs

.iplt           0x00006a88        0x0
 .iplt          0x00000000        0x0 ./Project_Settings/Startup_Code/kinetis_sysinit.o

.rel.dyn        0x00006a88        0x0
 .rel.iplt      0x00000000        0x0 ./Project_Settings/Startup_Code/kinetis_sysinit.o

.ARM.extab
 *(.ARM.extab* .gnu.linkonce.armextab.*)

.ARM            0x00006a88        0x0
                0x00006a88                __exidx_start = .
 *(.ARM.exidx*)
                0x00006a88                __exidx_end = .

.ctors          0x00006a88        0x0
                0x00006a88                __CTOR_LIST__ = .
 *crtbegin.o(.ctors)
 *(EXCLUDE_FILE(*crtend.o) .ctors)
 *(SORT(.ctors.*))
 *(.ctors)
                0x00006a88                __CTOR_END__ = .

.dtors          0x00006a88        0x0
                0x00006a88                __DTOR_LIST__ = .
 *crtbegin.o(.dtors)
 *(EXCLUDE_FILE(*crtend.o) .dtors)
 *(SORT(.dtors.*))
 *(.dtors)
                0x00006a88                __DTOR_END__ = .

.preinit_array  0x00006a88        0x0
                0x00006a88                PROVIDE (__preinit_array_start, .)
 *(.preinit_array*)
                0x00006a88                PROVIDE (__preinit_array_end, .)

.init_array     0x00006a88        0x0
                0x00006a88                PROVIDE (__init_array_start, .)
 *(SORT(.init_array.*))
 *(.init_array*)
                0x00006a88                PROVIDE (__init_array_end, .)

.fini_array     0x00006a88        0x0
                0x00006a88                PROVIDE (__fini_array_start, .)
 *(SORT(.fini_array.*))
 *(.fini_array*)
                0x00006a88                PROVIDE (__fini_array_end, .)
                0x00006a88                ___ROM_AT = .

.mtb            0x1ffff000        0x0
                0x1ffff000                . = ALIGN (0x8)
                0x1ffff000                _mtb_start = .
 *(.mtb_buf)
                0x1ffff000                . = ALIGN (0x8)
                0x1ffff000                _mtb_end = .

.data           0x1ffff000       0x1c load address 0x00006a88
                0x1ffff000                . = ALIGN (0x4)
                0x1ffff000                _sdata = .
 *(.data)
 *(.data*)
 .data.uxCriticalNesting
                0x1ffff000        0x4 ./Sources/FreeRTOS/portable/GCC/ARM_CM0/port.o
 .data.uxTopUsedPriority
                0x1ffff004        0x4 ./Sources/FreeRTOS/tasks.o
                0x1ffff004                uxTopUsedPriority
 .data.timer_modulus
                0x1ffff008        0x4 ./Sources/awg_main.o
                0x1ffff008                timer_modulus
 .data.write_ptr
                0x1ffff00c        0x4 ./Sources/awg_main.o
                0x1ffff00c                write_ptr
 .data.read_ptr
                0x1ffff010        0x4 ./Sources/awg_main.o
                0x1ffff010                read_ptr
 .data.current_arb_buffer
                0x1ffff014        0x4 ./Sources/awg_main.o
                0x1ffff014                current_arb_buffer
 .data.strtok_ds.4353
                0x1ffff018        0x4 C:/Freescale/CW MCU v11.1/MCU/ARM_GCC_Support/ewl/lib/armv6-m\libc.a(strtok.o)
                0x1ffff01c                . = ALIGN (0x4)
                0x1ffff01c                _edata = .
                0x0000001c                ___data_size = (_edata - _sdata)

.igot.plt       0x1ffff01c        0x0 load address 0x00006aa4
 .igot.plt      0x00000000        0x0 ./Project_Settings/Startup_Code/kinetis_sysinit.o
                0x1ffff01c                . = ALIGN (0x4)

.bss            0x1ffff01c     0x1f60 load address 0x00006aa4
                0x1ffff01c                __START_BSS = .
                0x1ffff01c                PROVIDE (__bss_start__, __START_BSS)
 *(.bss)
 *(.bss*)
 .bss.argv      0x1ffff01c        0x4 ./Project_Settings/Startup_Code/__arm_start.o
 .bss.ucHeap    0x1ffff020     0x1770 ./Sources/FreeRTOS/portable/MemMang/heap_1.o
 .bss.xNextFreeByte
                0x20000790        0x4 ./Sources/FreeRTOS/portable/MemMang/heap_1.o
 .bss.pucAlignedHeap.4562
                0x20000794        0x4 ./Sources/FreeRTOS/portable/MemMang/heap_1.o
 .bss.xActiveTimerList1
                0x20000798       0x14 ./Sources/FreeRTOS/timers.o
 .bss.xActiveTimerList2
                0x200007ac       0x14 ./Sources/FreeRTOS/timers.o
 .bss.pxCurrentTimerList
                0x200007c0        0x4 ./Sources/FreeRTOS/timers.o
 .bss.pxOverflowTimerList
                0x200007c4        0x4 ./Sources/FreeRTOS/timers.o
 .bss.xTimerQueue
                0x200007c8        0x4 ./Sources/FreeRTOS/timers.o
 .bss.xTimerTaskHandle
                0x200007cc        0x4 ./Sources/FreeRTOS/timers.o
 .bss.xLastTime.4875
                0x200007d0        0x4 ./Sources/FreeRTOS/timers.o
 .bss.pxCurrentTCB
                0x200007d4        0x4 ./Sources/FreeRTOS/tasks.o
                0x200007d4                pxCurrentTCB
 .bss.pxReadyTasksLists
                0x200007d8       0x64 ./Sources/FreeRTOS/tasks.o
 .bss.xDelayedTaskList1
                0x2000083c       0x14 ./Sources/FreeRTOS/tasks.o
 .bss.xDelayedTaskList2
                0x20000850       0x14 ./Sources/FreeRTOS/tasks.o
 .bss.pxDelayedTaskList
                0x20000864        0x4 ./Sources/FreeRTOS/tasks.o
 .bss.pxOverflowDelayedTaskList
                0x20000868        0x4 ./Sources/FreeRTOS/tasks.o
 .bss.xPendingReadyList
                0x2000086c       0x14 ./Sources/FreeRTOS/tasks.o
 .bss.xTasksWaitingTermination
                0x20000880       0x14 ./Sources/FreeRTOS/tasks.o
 .bss.uxDeletedTasksWaitingCleanUp
                0x20000894        0x4 ./Sources/FreeRTOS/tasks.o
 .bss.xSuspendedTaskList
                0x20000898       0x14 ./Sources/FreeRTOS/tasks.o
 .bss.uxCurrentNumberOfTasks
                0x200008ac        0x4 ./Sources/FreeRTOS/tasks.o
 .bss.xTickCount
                0x200008b0        0x4 ./Sources/FreeRTOS/tasks.o
 .bss.uxTopReadyPriority
                0x200008b4        0x4 ./Sources/FreeRTOS/tasks.o
 .bss.xSchedulerRunning
                0x200008b8        0x4 ./Sources/FreeRTOS/tasks.o
 .bss.xPendedTicks
                0x200008bc        0x4 ./Sources/FreeRTOS/tasks.o
 .bss.xYieldPending
                0x200008c0        0x4 ./Sources/FreeRTOS/tasks.o
 .bss.xNumOfOverflows
                0x200008c4        0x4 ./Sources/FreeRTOS/tasks.o
 .bss.uxTaskNumber
                0x200008c8        0x4 ./Sources/FreeRTOS/tasks.o
 .bss.xNextTaskUnblockTime
                0x200008cc        0x4 ./Sources/FreeRTOS/tasks.o
 .bss.xIdleTaskHandle
                0x200008d0        0x4 ./Sources/FreeRTOS/tasks.o
 .bss.uxSchedulerSuspended
                0x200008d4        0x4 ./Sources/FreeRTOS/tasks.o
 .bss.dac_write_buffer_1
                0x200008d8      0x190 ./Sources/awg_main.o
                0x200008d8                dac_write_buffer_1
 .bss.dac_write_buffer_2
                0x20000a68      0x190 ./Sources/awg_main.o
                0x20000a68                dac_write_buffer_2
 .bss.ARB_buffer_a
                0x20000bf8      0x190 ./Sources/awg_main.o
                0x20000bf8                ARB_buffer_a
 .bss.ARB_buffer_b
                0x20000d88      0x190 ./Sources/awg_main.o
                0x20000d88                ARB_buffer_b
 .bss.dac_bit_shift
                0x20000f18        0x4 ./Sources/awg_main.o
                0x20000f18                dac_bit_shift
 .bss.i.6297    0x20000f1c        0x4 ./Sources/awg_main.o
 .bss.__stdio_exit
                0x20000f20        0x4 C:/Freescale/CW MCU v11.1/MCU/ARM_GCC_Support/ewl/lib/armv6-m\libc.a(exit.o)
                0x20000f20                __stdio_exit
 .bss.__console_exit
                0x20000f24        0x4 C:/Freescale/CW MCU v11.1/MCU/ARM_GCC_Support/ewl/lib/armv6-m\libc.a(exit.o)
                0x20000f24                __console_exit
 .bss.__global_destructor_chain
                0x20000f28        0x4 C:/Freescale/CW MCU v11.1/MCU/ARM_GCC_Support/ewl/lib/armv6-m\librt.a(__arm_eabi_init.o)
                0x20000f28                __global_destructor_chain
 .bss.__S_romp  0x20000f2c        0xc C:/Freescale/CW MCU v11.1/MCU/ARM_GCC_Support/ewl/lib/armv6-m\librt.a(ROMCopy.o)
 *(COMMON)
 COMMON         0x20000f38       0x40 ./Sources/FreeRTOS/queue.o
                0x20000f38                xQueueRegistry
 COMMON         0x20000f78        0x4 ./Sources/awg_main.o
                0x20000f78                UART_Rx_StreamHandle
                0x20000f7c                . = ALIGN (0x4)
                0x20000f7c                __END_BSS = .
                0x20000f7c                PROVIDE (__bss_end__, __END_BSS)
                0x00006aa4                _romp_at = (___ROM_AT + SIZEOF (.data))

.romp           0x20000f7c       0x18 load address 0x00006aa4
                0x00006aa4                __S_romp = _romp_at
                0x20000f7c        0x4 LONG 0x6a88 ___ROM_AT
                0x20000f80        0x4 LONG 0x1ffff000 _sdata
                0x20000f84        0x4 LONG 0x1c ___data_size
                0x20000f88        0x4 LONG 0x0
                0x20000f8c        0x4 LONG 0x0
                0x20000f90        0x4 LONG 0x0

._user_heap_stack
                0x20000f94     0x2000 load address 0x00006abc
                0x20000f94                . = ALIGN (0x4)
                0x20000f94                PROVIDE (end, .)
                0x20000f94                PROVIDE (_end, .)
                0x20000f94                __heap_addr = .
                0x20001f94                . = (. + __heap_size)
 *fill*         0x20000f94     0x1000 00
                0x20002f94                . = (. + __stack_size)
 *fill*         0x20001f94     0x1000 00
                0x20002f94                . = ALIGN (0x4)

.ARM.attributes
                0x00000000       0x31
 *(.ARM.attributes)
 .ARM.attributes
                0x00000000       0x31 ./Project_Settings/Startup_Code/kinetis_sysinit.o
 .ARM.attributes
                0x00000031       0x31 ./Project_Settings/Startup_Code/__arm_start.o
 .ARM.attributes
                0x00000062       0x31 ./Project_Settings/Startup_Code/__arm_end.o
 .ARM.attributes
                0x00000093       0x31 ./Sources/FreeRTOS/portable/GCC/ARM_CM0/port.o
 .ARM.attributes
                0x000000c4       0x31 ./Sources/FreeRTOS/portable/MemMang/heap_1.o
 .ARM.attributes
                0x000000f5       0x31 ./Sources/FreeRTOS/timers.o
 .ARM.attributes
                0x00000126       0x31 ./Sources/FreeRTOS/tasks.o
 .ARM.attributes
                0x00000157       0x31 ./Sources/FreeRTOS/stream_buffer.o
 .ARM.attributes
                0x00000188       0x31 ./Sources/FreeRTOS/queue.o
 .ARM.attributes
                0x000001b9       0x31 ./Sources/FreeRTOS/list.o
 .ARM.attributes
                0x000001ea       0x31 ./Sources/mcg.o
 .ARM.attributes
                0x0000021b       0x31 ./Sources/int_to_string_and_string_to_int.o
 .ARM.attributes
                0x0000024c       0x31 ./Sources/awg_main.o
 .ARM.attributes
                0x0000027d       0x31 ./Sources/analog.o
 .ARM.attributes
                0x000002ae       0x31 ./Sources/OpenSDA_UART.o
 .ARM.attributes
                0x000002df       0x31 ./Sources/KL25Z_port.o
 .ARM.attributes
                0x00000310       0x31 ./Sources/KL25Z_pit.o
 .ARM.attributes
                0x00000341       0x31 ./Sources/KL25Z_gpio.o
 .ARM.attributes
                0x00000372       0x31 ./Sources/KL25Z_NVIC.o
 .ARM.attributes
                0x000003a3       0x31 C:/Freescale/CW MCU v11.1/MCU/ARM_GCC_Support/ewl/lib/armv6-m\libc.a(exit.o)
 .ARM.attributes
                0x000003d4       0x31 C:/Freescale/CW MCU v11.1/MCU/ARM_GCC_Support/ewl/lib/armv6-m\libc.a(memset.o)
 .ARM.attributes
                0x00000405       0x31 C:/Freescale/CW MCU v11.1/MCU/ARM_GCC_Support/ewl/lib/armv6-m\libc.a(__filll_mem.o)
 .ARM.attributes
                0x00000436       0x31 C:/Freescale/CW MCU v11.1/MCU/ARM_GCC_Support/ewl/lib/armv6-m\libc.a(strcat.o)
 .ARM.attributes
                0x00000467       0x31 C:/Freescale/CW MCU v11.1/MCU/ARM_GCC_Support/ewl/lib/armv6-m\libc.a(memcpy.o)
 .ARM.attributes
                0x00000498       0x31 C:/Freescale/CW MCU v11.1/MCU/ARM_GCC_Support/ewl/lib/armv6-m\libc.a(strtok.o)
 .ARM.attributes
                0x000004c9       0x31 C:/Freescale/CW MCU v11.1/MCU/ARM_GCC_Support/ewl/lib/armv6-m\libc.a(strlen.o)
 .ARM.attributes
                0x000004fa       0x31 C:/Freescale/CW MCU v11.1/MCU/ARM_GCC_Support/ewl/lib/armv6-m\libc.a(printformat_.o)
 .ARM.attributes
                0x0000052b       0x31 C:/Freescale/CW MCU v11.1/MCU/ARM_GCC_Support/ewl/lib/armv6-m\libc.a(scanformat_.o)
 .ARM.attributes
                0x0000055c       0x31 C:/Freescale/CW MCU v11.1/MCU/ARM_GCC_Support/ewl/lib/armv6-m\libc.a(ctype_aeabi.o)
 .ARM.attributes
                0x0000058d       0x31 C:/Freescale/CW MCU v11.1/MCU/ARM_GCC_Support/ewl/lib/armv6-m\libc.a(__strtoul.o)
 .ARM.attributes
                0x000005be       0x31 C:/Freescale/CW MCU v11.1/MCU/ARM_GCC_Support/ewl/lib/armv6-m\libc.a(strchr.o)
 .ARM.attributes
                0x000005ef       0x31 C:/Freescale/CW MCU v11.1/MCU/ARM_GCC_Support/ewl/lib/armv6-m\libc.a(memchr.o)
 .ARM.attributes
                0x00000620       0x1e c:/freescale/cw mcu v11.1/cross_tools/arm-none-eabi-gcc-4_7_3/bin/../lib/gcc/arm-none-eabi/4.7.3/armv6-m\libgcc.a(_thumb1_case_sqi.o)
 .ARM.attributes
                0x0000063e       0x1e c:/freescale/cw mcu v11.1/cross_tools/arm-none-eabi-gcc-4_7_3/bin/../lib/gcc/arm-none-eabi/4.7.3/armv6-m\libgcc.a(_thumb1_case_uqi.o)
 .ARM.attributes
                0x0000065c       0x1e c:/freescale/cw mcu v11.1/cross_tools/arm-none-eabi-gcc-4_7_3/bin/../lib/gcc/arm-none-eabi/4.7.3/armv6-m\libgcc.a(_udivsi3.o)
 .ARM.attributes
                0x0000067a       0x1e c:/freescale/cw mcu v11.1/cross_tools/arm-none-eabi-gcc-4_7_3/bin/../lib/gcc/arm-none-eabi/4.7.3/armv6-m\libgcc.a(_divsi3.o)
 .ARM.attributes
                0x00000698       0x1e c:/freescale/cw mcu v11.1/cross_tools/arm-none-eabi-gcc-4_7_3/bin/../lib/gcc/arm-none-eabi/4.7.3/armv6-m\libgcc.a(_dvmd_tls.o)
 .ARM.attributes
                0x000006b6       0x31 C:/Freescale/CW MCU v11.1/MCU/ARM_GCC_Support/ewl/lib/armv6-m\librt.a(gcc_ctor_dtor.o)
 .ARM.attributes
                0x000006e7       0x31 C:/Freescale/CW MCU v11.1/MCU/ARM_GCC_Support/ewl/lib/armv6-m\librt.a(__arm_eabi_init.o)
 .ARM.attributes
                0x00000718       0x31 C:/Freescale/CW MCU v11.1/MCU/ARM_GCC_Support/ewl/lib/armv6-m\librt.a(ROMCopy.o)
OUTPUT(New_FreeRTOS_Demo.elf elf32-littlearm)

.debug_info     0x00000000     0xa5ab
 .debug_info    0x00000000      0x447 ./Project_Settings/Startup_Code/kinetis_sysinit.o
 .debug_info    0x00000447      0x12a ./Project_Settings/Startup_Code/__arm_start.o
 .debug_info    0x00000571       0x54 ./Project_Settings/Startup_Code/__arm_end.o
 .debug_info    0x000005c5      0x285 ./Sources/FreeRTOS/portable/GCC/ARM_CM0/port.o
 .debug_info    0x0000084a      0x172 ./Sources/FreeRTOS/portable/MemMang/heap_1.o
 .debug_info    0x000009bc      0xacf ./Sources/FreeRTOS/timers.o
 .debug_info    0x0000148b     0x19e9 ./Sources/FreeRTOS/tasks.o
 .debug_info    0x00002e74      0xc2b ./Sources/FreeRTOS/stream_buffer.o
 .debug_info    0x00003a9f     0x10d1 ./Sources/FreeRTOS/queue.o
 .debug_info    0x00004b70      0x2c3 ./Sources/FreeRTOS/list.o
 .debug_info    0x00004e33      0xf84 ./Sources/mcg.o
 .debug_info    0x00005db7      0x19e ./Sources/int_to_string_and_string_to_int.o
 .debug_info    0x00005f55      0x6ce ./Sources/awg_main.o
 .debug_info    0x00006623      0x9f4 ./Sources/analog.o
 .debug_info    0x00007017      0x50a ./Sources/OpenSDA_UART.o
 .debug_info    0x00007521      0x579 ./Sources/KL25Z_port.o
 .debug_info    0x00007a9a      0x545 ./Sources/KL25Z_pit.o
 .debug_info    0x00007fdf      0x267 ./Sources/KL25Z_gpio.o
 .debug_info    0x00008246      0x4fd ./Sources/KL25Z_NVIC.o
 .debug_info    0x00008743       0xe8 C:/Freescale/CW MCU v11.1/MCU/ARM_GCC_Support/ewl/lib/armv6-m\libc.a(exit.o)
 .debug_info    0x0000882b       0xec C:/Freescale/CW MCU v11.1/MCU/ARM_GCC_Support/ewl/lib/armv6-m\libc.a(memset.o)
 .debug_info    0x00008917      0x137 C:/Freescale/CW MCU v11.1/MCU/ARM_GCC_Support/ewl/lib/armv6-m\libc.a(__filll_mem.o)
 .debug_info    0x00008a4e       0xf0 C:/Freescale/CW MCU v11.1/MCU/ARM_GCC_Support/ewl/lib/armv6-m\libc.a(strcat.o)
 .debug_info    0x00008b3e      0x10f C:/Freescale/CW MCU v11.1/MCU/ARM_GCC_Support/ewl/lib/armv6-m\libc.a(memcpy.o)
 .debug_info    0x00008c4d      0x160 C:/Freescale/CW MCU v11.1/MCU/ARM_GCC_Support/ewl/lib/armv6-m\libc.a(strtok.o)
 .debug_info    0x00008dad       0xea C:/Freescale/CW MCU v11.1/MCU/ARM_GCC_Support/ewl/lib/armv6-m\libc.a(strlen.o)
 .debug_info    0x00008e97      0x50d C:/Freescale/CW MCU v11.1/MCU/ARM_GCC_Support/ewl/lib/armv6-m\libc.a(printformat_.o)
 .debug_info    0x000093a4      0x568 C:/Freescale/CW MCU v11.1/MCU/ARM_GCC_Support/ewl/lib/armv6-m\libc.a(scanformat_.o)
 .debug_info    0x0000990c      0x313 C:/Freescale/CW MCU v11.1/MCU/ARM_GCC_Support/ewl/lib/armv6-m\libc.a(ctype_aeabi.o)
 .debug_info    0x00009c1f      0x1d6 C:/Freescale/CW MCU v11.1/MCU/ARM_GCC_Support/ewl/lib/armv6-m\libc.a(__strtoul.o)
 .debug_info    0x00009df5      0x10b C:/Freescale/CW MCU v11.1/MCU/ARM_GCC_Support/ewl/lib/armv6-m\libc.a(strchr.o)
 .debug_info    0x00009f00      0x121 C:/Freescale/CW MCU v11.1/MCU/ARM_GCC_Support/ewl/lib/armv6-m\libc.a(memchr.o)
 .debug_info    0x0000a021      0x136 C:/Freescale/CW MCU v11.1/MCU/ARM_GCC_Support/ewl/lib/armv6-m\librt.a(gcc_ctor_dtor.o)
 .debug_info    0x0000a157      0x2b9 C:/Freescale/CW MCU v11.1/MCU/ARM_GCC_Support/ewl/lib/armv6-m\librt.a(__arm_eabi_init.o)
 .debug_info    0x0000a410      0x19b C:/Freescale/CW MCU v11.1/MCU/ARM_GCC_Support/ewl/lib/armv6-m\librt.a(ROMCopy.o)

.debug_abbrev   0x00000000     0x238a
 .debug_abbrev  0x00000000       0xe7 ./Project_Settings/Startup_Code/kinetis_sysinit.o
 .debug_abbrev  0x000000e7       0x92 ./Project_Settings/Startup_Code/__arm_start.o
 .debug_abbrev  0x00000179       0x4c ./Project_Settings/Startup_Code/__arm_end.o
 .debug_abbrev  0x000001c5      0x174 ./Sources/FreeRTOS/portable/GCC/ARM_CM0/port.o
 .debug_abbrev  0x00000339       0xe0 ./Sources/FreeRTOS/portable/MemMang/heap_1.o
 .debug_abbrev  0x00000419      0x17f ./Sources/FreeRTOS/timers.o
 .debug_abbrev  0x00000598      0x1b2 ./Sources/FreeRTOS/tasks.o
 .debug_abbrev  0x0000074a      0x166 ./Sources/FreeRTOS/stream_buffer.o
 .debug_abbrev  0x000008b0      0x168 ./Sources/FreeRTOS/queue.o
 .debug_abbrev  0x00000a18       0xbd ./Sources/FreeRTOS/list.o
 .debug_abbrev  0x00000ad5      0x18d ./Sources/mcg.o
 .debug_abbrev  0x00000c62       0xbd ./Sources/int_to_string_and_string_to_int.o
 .debug_abbrev  0x00000d1f      0x199 ./Sources/awg_main.o
 .debug_abbrev  0x00000eb8      0x1fc ./Sources/analog.o
 .debug_abbrev  0x000010b4      0x122 ./Sources/OpenSDA_UART.o
 .debug_abbrev  0x000011d6      0x10b ./Sources/KL25Z_port.o
 .debug_abbrev  0x000012e1      0x137 ./Sources/KL25Z_pit.o
 .debug_abbrev  0x00001418       0xfc ./Sources/KL25Z_gpio.o
 .debug_abbrev  0x00001514      0x108 ./Sources/KL25Z_NVIC.o
 .debug_abbrev  0x0000161c       0x7a C:/Freescale/CW MCU v11.1/MCU/ARM_GCC_Support/ewl/lib/armv6-m\libc.a(exit.o)
 .debug_abbrev  0x00001696       0x62 C:/Freescale/CW MCU v11.1/MCU/ARM_GCC_Support/ewl/lib/armv6-m\libc.a(memset.o)
 .debug_abbrev  0x000016f8       0x78 C:/Freescale/CW MCU v11.1/MCU/ARM_GCC_Support/ewl/lib/armv6-m\libc.a(__filll_mem.o)
 .debug_abbrev  0x00001770       0x89 C:/Freescale/CW MCU v11.1/MCU/ARM_GCC_Support/ewl/lib/armv6-m\libc.a(strcat.o)
 .debug_abbrev  0x000017f9       0x95 C:/Freescale/CW MCU v11.1/MCU/ARM_GCC_Support/ewl/lib/armv6-m\libc.a(memcpy.o)
 .debug_abbrev  0x0000188e       0xb7 C:/Freescale/CW MCU v11.1/MCU/ARM_GCC_Support/ewl/lib/armv6-m\libc.a(strtok.o)
 .debug_abbrev  0x00001945       0x7a C:/Freescale/CW MCU v11.1/MCU/ARM_GCC_Support/ewl/lib/armv6-m\libc.a(strlen.o)
 .debug_abbrev  0x000019bf      0x200 C:/Freescale/CW MCU v11.1/MCU/ARM_GCC_Support/ewl/lib/armv6-m\libc.a(printformat_.o)
 .debug_abbrev  0x00001bbf      0x1f0 C:/Freescale/CW MCU v11.1/MCU/ARM_GCC_Support/ewl/lib/armv6-m\libc.a(scanformat_.o)
 .debug_abbrev  0x00001daf       0x9e C:/Freescale/CW MCU v11.1/MCU/ARM_GCC_Support/ewl/lib/armv6-m\libc.a(ctype_aeabi.o)
 .debug_abbrev  0x00001e4d       0xc2 C:/Freescale/CW MCU v11.1/MCU/ARM_GCC_Support/ewl/lib/armv6-m\libc.a(__strtoul.o)
 .debug_abbrev  0x00001f0f       0x7a C:/Freescale/CW MCU v11.1/MCU/ARM_GCC_Support/ewl/lib/armv6-m\libc.a(strchr.o)
 .debug_abbrev  0x00001f89       0x95 C:/Freescale/CW MCU v11.1/MCU/ARM_GCC_Support/ewl/lib/armv6-m\libc.a(memchr.o)
 .debug_abbrev  0x0000201e       0x99 C:/Freescale/CW MCU v11.1/MCU/ARM_GCC_Support/ewl/lib/armv6-m\librt.a(gcc_ctor_dtor.o)
 .debug_abbrev  0x000020b7      0x1b3 C:/Freescale/CW MCU v11.1/MCU/ARM_GCC_Support/ewl/lib/armv6-m\librt.a(__arm_eabi_init.o)
 .debug_abbrev  0x0000226a      0x120 C:/Freescale/CW MCU v11.1/MCU/ARM_GCC_Support/ewl/lib/armv6-m\librt.a(ROMCopy.o)

.debug_loc      0x00000000     0x6094
 .debug_loc     0x00000000       0x58 ./Project_Settings/Startup_Code/kinetis_sysinit.o
 .debug_loc     0x00000058       0x2c ./Project_Settings/Startup_Code/__arm_start.o
 .debug_loc     0x00000084       0x38 ./Project_Settings/Startup_Code/__arm_end.o
 .debug_loc     0x000000bc      0x1dc ./Sources/FreeRTOS/portable/GCC/ARM_CM0/port.o
 .debug_loc     0x00000298       0xc8 ./Sources/FreeRTOS/portable/MemMang/heap_1.o
 .debug_loc     0x00000360      0x528 ./Sources/FreeRTOS/timers.o
 .debug_loc     0x00000888      0xd11 ./Sources/FreeRTOS/tasks.o
 .debug_loc     0x00001599      0x544 ./Sources/FreeRTOS/stream_buffer.o
 .debug_loc     0x00001add      0x7a8 ./Sources/FreeRTOS/queue.o
 .debug_loc     0x00002285      0x118 ./Sources/FreeRTOS/list.o
 .debug_loc     0x0000239d      0x64c ./Sources/mcg.o
 .debug_loc     0x000029e9       0x72 ./Sources/int_to_string_and_string_to_int.o
 .debug_loc     0x00002a5b       0xd6 ./Sources/awg_main.o
 .debug_loc     0x00002b31      0x4a4 ./Sources/analog.o
 .debug_loc     0x00002fd5      0x184 ./Sources/OpenSDA_UART.o
 .debug_loc     0x00003159      0x230 ./Sources/KL25Z_port.o
 .debug_loc     0x00003389      0x1b4 ./Sources/KL25Z_pit.o
 .debug_loc     0x0000353d      0x118 ./Sources/KL25Z_gpio.o
 .debug_loc     0x00003655      0x1c0 ./Sources/KL25Z_NVIC.o
 .debug_loc     0x00003815       0x3e C:/Freescale/CW MCU v11.1/MCU/ARM_GCC_Support/ewl/lib/armv6-m\libc.a(exit.o)
 .debug_loc     0x00003853       0x6f C:/Freescale/CW MCU v11.1/MCU/ARM_GCC_Support/ewl/lib/armv6-m\libc.a(memset.o)
 .debug_loc     0x000038c2      0x14a C:/Freescale/CW MCU v11.1/MCU/ARM_GCC_Support/ewl/lib/armv6-m\libc.a(__filll_mem.o)
 .debug_loc     0x00003a0c       0x85 C:/Freescale/CW MCU v11.1/MCU/ARM_GCC_Support/ewl/lib/armv6-m\libc.a(strcat.o)
 .debug_loc     0x00003a91       0x59 C:/Freescale/CW MCU v11.1/MCU/ARM_GCC_Support/ewl/lib/armv6-m\libc.a(memcpy.o)
 .debug_loc     0x00003aea      0x10f C:/Freescale/CW MCU v11.1/MCU/ARM_GCC_Support/ewl/lib/armv6-m\libc.a(strtok.o)
 .debug_loc     0x00003bf9       0x33 C:/Freescale/CW MCU v11.1/MCU/ARM_GCC_Support/ewl/lib/armv6-m\libc.a(strlen.o)
 .debug_loc     0x00003c2c     0x104b C:/Freescale/CW MCU v11.1/MCU/ARM_GCC_Support/ewl/lib/armv6-m\libc.a(printformat_.o)
 .debug_loc     0x00004c77      0x9d8 C:/Freescale/CW MCU v11.1/MCU/ARM_GCC_Support/ewl/lib/armv6-m\libc.a(scanformat_.o)
 .debug_loc     0x0000564f      0x30d C:/Freescale/CW MCU v11.1/MCU/ARM_GCC_Support/ewl/lib/armv6-m\libc.a(ctype_aeabi.o)
 .debug_loc     0x0000595c      0x305 C:/Freescale/CW MCU v11.1/MCU/ARM_GCC_Support/ewl/lib/armv6-m\libc.a(__strtoul.o)
 .debug_loc     0x00005c61       0xaf C:/Freescale/CW MCU v11.1/MCU/ARM_GCC_Support/ewl/lib/armv6-m\libc.a(strchr.o)
 .debug_loc     0x00005d10       0x77 C:/Freescale/CW MCU v11.1/MCU/ARM_GCC_Support/ewl/lib/armv6-m\libc.a(memchr.o)
 .debug_loc     0x00005d87       0x9d C:/Freescale/CW MCU v11.1/MCU/ARM_GCC_Support/ewl/lib/armv6-m\librt.a(gcc_ctor_dtor.o)
 .debug_loc     0x00005e24      0x197 C:/Freescale/CW MCU v11.1/MCU/ARM_GCC_Support/ewl/lib/armv6-m\librt.a(__arm_eabi_init.o)
 .debug_loc     0x00005fbb       0xd9 C:/Freescale/CW MCU v11.1/MCU/ARM_GCC_Support/ewl/lib/armv6-m\librt.a(ROMCopy.o)

.debug_aranges  0x00000000      0xd00
 .debug_aranges
                0x00000000       0x28 ./Project_Settings/Startup_Code/kinetis_sysinit.o
 .debug_aranges
                0x00000028       0x30 ./Project_Settings/Startup_Code/__arm_start.o
 .debug_aranges
                0x00000058       0x20 ./Project_Settings/Startup_Code/__arm_end.o
 .debug_aranges
                0x00000078       0x88 ./Sources/FreeRTOS/portable/GCC/ARM_CM0/port.o
 .debug_aranges
                0x00000100       0x38 ./Sources/FreeRTOS/portable/MemMang/heap_1.o
 .debug_aranges
                0x00000138       0xd8 ./Sources/FreeRTOS/timers.o
 .debug_aranges
                0x00000210      0x200 ./Sources/FreeRTOS/tasks.o
 .debug_aranges
                0x00000410       0xd8 ./Sources/FreeRTOS/stream_buffer.o
 .debug_aranges
                0x000004e8      0x130 ./Sources/FreeRTOS/queue.o
 .debug_aranges
                0x00000618       0x40 ./Sources/FreeRTOS/list.o
 .debug_aranges
                0x00000658      0x100 ./Sources/mcg.o
 .debug_aranges
                0x00000758       0x28 ./Sources/int_to_string_and_string_to_int.o
 .debug_aranges
                0x00000780       0x38 ./Sources/awg_main.o
 .debug_aranges
                0x000007b8       0xd8 ./Sources/analog.o
 .debug_aranges
                0x00000890       0x58 ./Sources/OpenSDA_UART.o
 .debug_aranges
                0x000008e8       0x68 ./Sources/KL25Z_port.o
 .debug_aranges
                0x00000950       0x58 ./Sources/KL25Z_pit.o
 .debug_aranges
                0x000009a8       0x40 ./Sources/KL25Z_gpio.o
 .debug_aranges
                0x000009e8       0x58 ./Sources/KL25Z_NVIC.o
 .debug_aranges
                0x00000a40       0x20 C:/Freescale/CW MCU v11.1/MCU/ARM_GCC_Support/ewl/lib/armv6-m\libc.a(exit.o)
 .debug_aranges
                0x00000a60       0x20 C:/Freescale/CW MCU v11.1/MCU/ARM_GCC_Support/ewl/lib/armv6-m\libc.a(memset.o)
 .debug_aranges
                0x00000a80       0x20 C:/Freescale/CW MCU v11.1/MCU/ARM_GCC_Support/ewl/lib/armv6-m\libc.a(__filll_mem.o)
 .debug_aranges
                0x00000aa0       0x20 C:/Freescale/CW MCU v11.1/MCU/ARM_GCC_Support/ewl/lib/armv6-m\libc.a(strcat.o)
 .debug_aranges
                0x00000ac0       0x20 C:/Freescale/CW MCU v11.1/MCU/ARM_GCC_Support/ewl/lib/armv6-m\libc.a(memcpy.o)
 .debug_aranges
                0x00000ae0       0x20 C:/Freescale/CW MCU v11.1/MCU/ARM_GCC_Support/ewl/lib/armv6-m\libc.a(strtok.o)
 .debug_aranges
                0x00000b00       0x20 C:/Freescale/CW MCU v11.1/MCU/ARM_GCC_Support/ewl/lib/armv6-m\libc.a(strlen.o)
 .debug_aranges
                0x00000b20       0x28 C:/Freescale/CW MCU v11.1/MCU/ARM_GCC_Support/ewl/lib/armv6-m\libc.a(printformat_.o)
 .debug_aranges
                0x00000b48       0x20 C:/Freescale/CW MCU v11.1/MCU/ARM_GCC_Support/ewl/lib/armv6-m\libc.a(scanformat_.o)
 .debug_aranges
                0x00000b68       0x88 C:/Freescale/CW MCU v11.1/MCU/ARM_GCC_Support/ewl/lib/armv6-m\libc.a(ctype_aeabi.o)
 .debug_aranges
                0x00000bf0       0x20 C:/Freescale/CW MCU v11.1/MCU/ARM_GCC_Support/ewl/lib/armv6-m\libc.a(__strtoul.o)
 .debug_aranges
                0x00000c10       0x20 C:/Freescale/CW MCU v11.1/MCU/ARM_GCC_Support/ewl/lib/armv6-m\libc.a(strchr.o)
 .debug_aranges
                0x00000c30       0x20 C:/Freescale/CW MCU v11.1/MCU/ARM_GCC_Support/ewl/lib/armv6-m\libc.a(memchr.o)
 .debug_aranges
                0x00000c50       0x28 C:/Freescale/CW MCU v11.1/MCU/ARM_GCC_Support/ewl/lib/armv6-m\librt.a(gcc_ctor_dtor.o)
 .debug_aranges
                0x00000c78       0x58 C:/Freescale/CW MCU v11.1/MCU/ARM_GCC_Support/ewl/lib/armv6-m\librt.a(__arm_eabi_init.o)
 .debug_aranges
                0x00000cd0       0x30 C:/Freescale/CW MCU v11.1/MCU/ARM_GCC_Support/ewl/lib/armv6-m\librt.a(ROMCopy.o)

.debug_macinfo  0x00000000   0x1a9eaa
 .debug_macinfo
                0x00000000    0x264f0 ./Project_Settings/Startup_Code/kinetis_sysinit.o
 .debug_macinfo
                0x000264f0     0x3e6d ./Project_Settings/Startup_Code/__arm_start.o
 .debug_macinfo
                0x0002a35d     0x3456 ./Project_Settings/Startup_Code/__arm_end.o
 .debug_macinfo
                0x0002d7b3     0x8d76 ./Sources/FreeRTOS/portable/GCC/ARM_CM0/port.o
 .debug_macinfo
                0x00036529     0x8b5e ./Sources/FreeRTOS/portable/MemMang/heap_1.o
 .debug_macinfo
                0x0003f087     0x9b2c ./Sources/FreeRTOS/timers.o
 .debug_macinfo
                0x00048bb3     0x9ac5 ./Sources/FreeRTOS/tasks.o
 .debug_macinfo
                0x00052678     0x92f5 ./Sources/FreeRTOS/stream_buffer.o
 .debug_macinfo
                0x0005b96d     0x950d ./Sources/FreeRTOS/queue.o
 .debug_macinfo
                0x00064e7a     0x784c ./Sources/FreeRTOS/list.o
 .debug_macinfo
                0x0006c6c6    0x265b5 ./Sources/mcg.o
 .debug_macinfo
                0x00092c7b     0x3c74 ./Sources/int_to_string_and_string_to_int.o
 .debug_macinfo
                0x000968ef    0x2d5ce ./Sources/awg_main.o
 .debug_macinfo
                0x000c3ebd    0x26664 ./Sources/analog.o
 .debug_macinfo
                0x000ea521    0x2656f ./Sources/OpenSDA_UART.o
 .debug_macinfo
                0x00110a90    0x264cb ./Sources/KL25Z_port.o
 .debug_macinfo
                0x00136f5b    0x264c6 ./Sources/KL25Z_pit.o
 .debug_macinfo
                0x0015d421    0x264e4 ./Sources/KL25Z_gpio.o
 .debug_macinfo
                0x00183905    0x265a5 ./Sources/KL25Z_NVIC.o

.debug_line     0x00000000     0x6734
 .debug_line    0x00000000      0x215 ./Project_Settings/Startup_Code/kinetis_sysinit.o
 .debug_line    0x00000215      0x298 ./Project_Settings/Startup_Code/__arm_start.o
 .debug_line    0x000004ad      0x265 ./Project_Settings/Startup_Code/__arm_end.o
 .debug_line    0x00000712      0x44a ./Sources/FreeRTOS/portable/GCC/ARM_CM0/port.o
 .debug_line    0x00000b5c      0x397 ./Sources/FreeRTOS/portable/MemMang/heap_1.o
 .debug_line    0x00000ef3      0x607 ./Sources/FreeRTOS/timers.o
 .debug_line    0x000014fa      0xc11 ./Sources/FreeRTOS/tasks.o
 .debug_line    0x0000210b      0x672 ./Sources/FreeRTOS/stream_buffer.o
 .debug_line    0x0000277d      0x8db ./Sources/FreeRTOS/queue.o
 .debug_line    0x00003058      0x39e ./Sources/FreeRTOS/list.o
 .debug_line    0x000033f6      0x9a1 ./Sources/mcg.o
 .debug_line    0x00003d97      0x1f5 ./Sources/int_to_string_and_string_to_int.o
 .debug_line    0x00003f8c      0x6c1 ./Sources/awg_main.o
 .debug_line    0x0000464d      0x3e4 ./Sources/analog.o
 .debug_line    0x00004a31      0x292 ./Sources/OpenSDA_UART.o
 .debug_line    0x00004cc3      0x2f1 ./Sources/KL25Z_port.o
 .debug_line    0x00004fb4      0x276 ./Sources/KL25Z_pit.o
 .debug_line    0x0000522a      0x2a9 ./Sources/KL25Z_gpio.o
 .debug_line    0x000054d3      0x276 ./Sources/KL25Z_NVIC.o
 .debug_line    0x00005749       0x8d C:/Freescale/CW MCU v11.1/MCU/ARM_GCC_Support/ewl/lib/armv6-m\libc.a(exit.o)
 .debug_line    0x000057d6       0x90 C:/Freescale/CW MCU v11.1/MCU/ARM_GCC_Support/ewl/lib/armv6-m\libc.a(memset.o)
 .debug_line    0x00005866       0xf6 C:/Freescale/CW MCU v11.1/MCU/ARM_GCC_Support/ewl/lib/armv6-m\libc.a(__filll_mem.o)
 .debug_line    0x0000595c       0x7e C:/Freescale/CW MCU v11.1/MCU/ARM_GCC_Support/ewl/lib/armv6-m\libc.a(strcat.o)
 .debug_line    0x000059da       0x8b C:/Freescale/CW MCU v11.1/MCU/ARM_GCC_Support/ewl/lib/armv6-m\libc.a(memcpy.o)
 .debug_line    0x00005a65       0x91 C:/Freescale/CW MCU v11.1/MCU/ARM_GCC_Support/ewl/lib/armv6-m\libc.a(strtok.o)
 .debug_line    0x00005af6       0x85 C:/Freescale/CW MCU v11.1/MCU/ARM_GCC_Support/ewl/lib/armv6-m\libc.a(strlen.o)
 .debug_line    0x00005b7b      0x2c3 C:/Freescale/CW MCU v11.1/MCU/ARM_GCC_Support/ewl/lib/armv6-m\libc.a(printformat_.o)
 .debug_line    0x00005e3e      0x2be C:/Freescale/CW MCU v11.1/MCU/ARM_GCC_Support/ewl/lib/armv6-m\libc.a(scanformat_.o)
 .debug_line    0x000060fc      0x1be C:/Freescale/CW MCU v11.1/MCU/ARM_GCC_Support/ewl/lib/armv6-m\libc.a(ctype_aeabi.o)
 .debug_line    0x000062ba      0x11e C:/Freescale/CW MCU v11.1/MCU/ARM_GCC_Support/ewl/lib/armv6-m\libc.a(__strtoul.o)
 .debug_line    0x000063d8       0x7d C:/Freescale/CW MCU v11.1/MCU/ARM_GCC_Support/ewl/lib/armv6-m\libc.a(strchr.o)
 .debug_line    0x00006455       0x9f C:/Freescale/CW MCU v11.1/MCU/ARM_GCC_Support/ewl/lib/armv6-m\libc.a(memchr.o)
 .debug_line    0x000064f4       0x6c C:/Freescale/CW MCU v11.1/MCU/ARM_GCC_Support/ewl/lib/armv6-m\librt.a(gcc_ctor_dtor.o)
 .debug_line    0x00006560      0x117 C:/Freescale/CW MCU v11.1/MCU/ARM_GCC_Support/ewl/lib/armv6-m\librt.a(__arm_eabi_init.o)
 .debug_line    0x00006677       0xbd C:/Freescale/CW MCU v11.1/MCU/ARM_GCC_Support/ewl/lib/armv6-m\librt.a(ROMCopy.o)

.debug_str      0x00000000     0x3ef4
 .debug_str     0x00000000      0x296 ./Project_Settings/Startup_Code/kinetis_sysinit.o
                                0x2bd (size before relaxing)
 .debug_str     0x00000296       0x85 ./Project_Settings/Startup_Code/__arm_start.o
                                0x197 (size before relaxing)
 .debug_str     0x0000031b       0x3a ./Project_Settings/Startup_Code/__arm_end.o
                                 0xce (size before relaxing)
 .debug_str     0x00000355      0x1c0 ./Sources/FreeRTOS/portable/GCC/ARM_CM0/port.o
                                0x2e6 (size before relaxing)
 .debug_str     0x00000515       0xb0 ./Sources/FreeRTOS/portable/MemMang/heap_1.o
                                0x1d3 (size before relaxing)
 .debug_str     0x000005c5      0x565 ./Sources/FreeRTOS/timers.o
                                0x70d (size before relaxing)
 .debug_str     0x00000b2a      0xd59 ./Sources/FreeRTOS/tasks.o
                               0x1002 (size before relaxing)
 .debug_str     0x00001883      0x4b7 ./Sources/FreeRTOS/stream_buffer.o
                                0x71c (size before relaxing)
 .debug_str     0x00001d3a      0x5b1 ./Sources/FreeRTOS/queue.o
                                0x8b0 (size before relaxing)
 .debug_str     0x000022eb       0xa8 ./Sources/FreeRTOS/list.o
                                0x275 (size before relaxing)
 .debug_str     0x00002393      0x2a7 ./Sources/mcg.o
                                0x4d1 (size before relaxing)
 .debug_str     0x0000263a       0x8f ./Sources/int_to_string_and_string_to_int.o
                                0x1b0 (size before relaxing)
 .debug_str     0x000026c9      0x700 ./Sources/awg_main.o
                                0x870 (size before relaxing)
 .debug_str     0x00002dc9      0x3b5 ./Sources/analog.o
                                0x66b (size before relaxing)
 .debug_str     0x0000317e      0x130 ./Sources/OpenSDA_UART.o
                                0x408 (size before relaxing)
 .debug_str     0x000032ae      0x120 ./Sources/KL25Z_port.o
                                0x3a5 (size before relaxing)
 .debug_str     0x000033ce       0xe5 ./Sources/KL25Z_pit.o
                                0x338 (size before relaxing)
 .debug_str     0x000034b3       0x96 ./Sources/KL25Z_gpio.o
                                0x240 (size before relaxing)
 .debug_str     0x00003549       0xea ./Sources/KL25Z_NVIC.o
                                0x431 (size before relaxing)
 .debug_str     0x00003633       0x5a C:/Freescale/CW MCU v11.1/MCU/ARM_GCC_Support/ewl/lib/armv6-m\libc.a(exit.o)
                                0x157 (size before relaxing)
 .debug_str     0x0000368d       0x1c C:/Freescale/CW MCU v11.1/MCU/ARM_GCC_Support/ewl/lib/armv6-m\libc.a(memset.o)
                                0x140 (size before relaxing)
 .debug_str     0x000036a9       0x2d C:/Freescale/CW MCU v11.1/MCU/ARM_GCC_Support/ewl/lib/armv6-m\libc.a(__filll_mem.o)
                                0x152 (size before relaxing)
 .debug_str     0x000036d6       0x1c C:/Freescale/CW MCU v11.1/MCU/ARM_GCC_Support/ewl/lib/armv6-m\libc.a(strcat.o)
                                0x131 (size before relaxing)
 .debug_str     0x000036f2       0x1c C:/Freescale/CW MCU v11.1/MCU/ARM_GCC_Support/ewl/lib/armv6-m\libc.a(memcpy.o)
                                0x138 (size before relaxing)
 .debug_str     0x0000370e       0x39 C:/Freescale/CW MCU v11.1/MCU/ARM_GCC_Support/ewl/lib/armv6-m\libc.a(strtok.o)
                                0x15f (size before relaxing)
 .debug_str     0x00003747       0x1c C:/Freescale/CW MCU v11.1/MCU/ARM_GCC_Support/ewl/lib/armv6-m\libc.a(strlen.o)
                                0x140 (size before relaxing)
 .debug_str     0x00003763      0x22c C:/Freescale/CW MCU v11.1/MCU/ARM_GCC_Support/ewl/lib/armv6-m\libc.a(printformat_.o)
                                0x3b3 (size before relaxing)
 .debug_str     0x0000398f      0x17b C:/Freescale/CW MCU v11.1/MCU/ARM_GCC_Support/ewl/lib/armv6-m\libc.a(scanformat_.o)
                                0x3f9 (size before relaxing)
 .debug_str     0x00003b0a       0x9d C:/Freescale/CW MCU v11.1/MCU/ARM_GCC_Support/ewl/lib/armv6-m\libc.a(ctype_aeabi.o)
                                0x1bc (size before relaxing)
 .debug_str     0x00003ba7       0x5b C:/Freescale/CW MCU v11.1/MCU/ARM_GCC_Support/ewl/lib/armv6-m\libc.a(__strtoul.o)
                                0x1fb (size before relaxing)
 .debug_str     0x00003c02       0x1c C:/Freescale/CW MCU v11.1/MCU/ARM_GCC_Support/ewl/lib/armv6-m\libc.a(strchr.o)
                                0x137 (size before relaxing)
 .debug_str     0x00003c1e       0x1c C:/Freescale/CW MCU v11.1/MCU/ARM_GCC_Support/ewl/lib/armv6-m\libc.a(memchr.o)
                                0x148 (size before relaxing)
 .debug_str     0x00003c3a      0x126 C:/Freescale/CW MCU v11.1/MCU/ARM_GCC_Support/ewl/lib/armv6-m\librt.a(gcc_ctor_dtor.o)
                                0x181 (size before relaxing)
 .debug_str     0x00003d60       0xf8 C:/Freescale/CW MCU v11.1/MCU/ARM_GCC_Support/ewl/lib/armv6-m\librt.a(__arm_eabi_init.o)
                                0x1b5 (size before relaxing)
 .debug_str     0x00003e58       0x9c C:/Freescale/CW MCU v11.1/MCU/ARM_GCC_Support/ewl/lib/armv6-m\librt.a(ROMCopy.o)
                                0x13c (size before relaxing)

.comment        0x00000000       0x79
 .comment       0x00000000       0x79 ./Project_Settings/Startup_Code/kinetis_sysinit.o
                                 0x7a (size before relaxing)
 .comment       0x00000000       0x7a ./Project_Settings/Startup_Code/__arm_start.o
 .comment       0x00000000       0x7a ./Project_Settings/Startup_Code/__arm_end.o
 .comment       0x00000000       0x7a ./Sources/FreeRTOS/portable/GCC/ARM_CM0/port.o
 .comment       0x00000000       0x7a ./Sources/FreeRTOS/portable/MemMang/heap_1.o
 .comment       0x00000000       0x7a ./Sources/FreeRTOS/timers.o
 .comment       0x00000000       0x7a ./Sources/FreeRTOS/tasks.o
 .comment       0x00000000       0x7a ./Sources/FreeRTOS/stream_buffer.o
 .comment       0x00000000       0x7a ./Sources/FreeRTOS/queue.o
 .comment       0x00000000       0x7a ./Sources/FreeRTOS/list.o
 .comment       0x00000000       0x7a ./Sources/mcg.o
 .comment       0x00000000       0x7a ./Sources/int_to_string_and_string_to_int.o
 .comment       0x00000000       0x7a ./Sources/awg_main.o
 .comment       0x00000000       0x7a ./Sources/analog.o
 .comment       0x00000000       0x7a ./Sources/OpenSDA_UART.o
 .comment       0x00000000       0x7a ./Sources/KL25Z_port.o
 .comment       0x00000000       0x7a ./Sources/KL25Z_pit.o
 .comment       0x00000000       0x7a ./Sources/KL25Z_gpio.o
 .comment       0x00000000       0x7a ./Sources/KL25Z_NVIC.o
 .comment       0x00000000       0x7a C:/Freescale/CW MCU v11.1/MCU/ARM_GCC_Support/ewl/lib/armv6-m\libc.a(exit.o)
 .comment       0x00000000       0x7a C:/Freescale/CW MCU v11.1/MCU/ARM_GCC_Support/ewl/lib/armv6-m\libc.a(memset.o)
 .comment       0x00000000       0x7a C:/Freescale/CW MCU v11.1/MCU/ARM_GCC_Support/ewl/lib/armv6-m\libc.a(__filll_mem.o)
 .comment       0x00000000       0x7a C:/Freescale/CW MCU v11.1/MCU/ARM_GCC_Support/ewl/lib/armv6-m\libc.a(strcat.o)
 .comment       0x00000000       0x7a C:/Freescale/CW MCU v11.1/MCU/ARM_GCC_Support/ewl/lib/armv6-m\libc.a(memcpy.o)
 .comment       0x00000000       0x7a C:/Freescale/CW MCU v11.1/MCU/ARM_GCC_Support/ewl/lib/armv6-m\libc.a(strtok.o)
 .comment       0x00000000       0x7a C:/Freescale/CW MCU v11.1/MCU/ARM_GCC_Support/ewl/lib/armv6-m\libc.a(strlen.o)
 .comment       0x00000000       0x7a C:/Freescale/CW MCU v11.1/MCU/ARM_GCC_Support/ewl/lib/armv6-m\libc.a(printformat_.o)
 .comment       0x00000000       0x7a C:/Freescale/CW MCU v11.1/MCU/ARM_GCC_Support/ewl/lib/armv6-m\libc.a(scanformat_.o)
 .comment       0x00000000       0x7a C:/Freescale/CW MCU v11.1/MCU/ARM_GCC_Support/ewl/lib/armv6-m\libc.a(ctype_aeabi.o)
 .comment       0x00000000       0x7a C:/Freescale/CW MCU v11.1/MCU/ARM_GCC_Support/ewl/lib/armv6-m\libc.a(__strtoul.o)
 .comment       0x00000000       0x7a C:/Freescale/CW MCU v11.1/MCU/ARM_GCC_Support/ewl/lib/armv6-m\libc.a(strchr.o)
 .comment       0x00000000       0x7a C:/Freescale/CW MCU v11.1/MCU/ARM_GCC_Support/ewl/lib/armv6-m\libc.a(memchr.o)
 .comment       0x00000000       0x7a C:/Freescale/CW MCU v11.1/MCU/ARM_GCC_Support/ewl/lib/armv6-m\librt.a(gcc_ctor_dtor.o)
 .comment       0x00000000       0x7a C:/Freescale/CW MCU v11.1/MCU/ARM_GCC_Support/ewl/lib/armv6-m\librt.a(__arm_eabi_init.o)
 .comment       0x00000000       0x7a C:/Freescale/CW MCU v11.1/MCU/ARM_GCC_Support/ewl/lib/armv6-m\librt.a(ROMCopy.o)

.debug_frame    0x00000000     0x2724
 .debug_frame   0x00000000       0x48 ./Project_Settings/Startup_Code/kinetis_sysinit.o
 .debug_frame   0x00000048       0x4c ./Project_Settings/Startup_Code/__arm_start.o
 .debug_frame   0x00000094       0x30 ./Project_Settings/Startup_Code/__arm_end.o
 .debug_frame   0x000000c4      0x174 ./Sources/FreeRTOS/portable/GCC/ARM_CM0/port.o
 .debug_frame   0x00000238       0x88 ./Sources/FreeRTOS/portable/MemMang/heap_1.o
 .debug_frame   0x000002c0      0x308 ./Sources/FreeRTOS/timers.o
 .debug_frame   0x000005c8      0x798 ./Sources/FreeRTOS/tasks.o
 .debug_frame   0x00000d60      0x310 ./Sources/FreeRTOS/stream_buffer.o
 .debug_frame   0x00001070      0x470 ./Sources/FreeRTOS/queue.o
 .debug_frame   0x000014e0       0xb0 ./Sources/FreeRTOS/list.o
 .debug_frame   0x00001590      0x3ac ./Sources/mcg.o
 .debug_frame   0x0000193c       0x50 ./Sources/int_to_string_and_string_to_int.o
 .debug_frame   0x0000198c       0x8c ./Sources/awg_main.o
 .debug_frame   0x00001a18      0x2dc ./Sources/analog.o
 .debug_frame   0x00001cf4       0xfc ./Sources/OpenSDA_UART.o
 .debug_frame   0x00001df0      0x150 ./Sources/KL25Z_port.o
 .debug_frame   0x00001f40      0x10c ./Sources/KL25Z_pit.o
 .debug_frame   0x0000204c       0xb0 ./Sources/KL25Z_gpio.o
 .debug_frame   0x000020fc      0x114 ./Sources/KL25Z_NVIC.o
 .debug_frame   0x00002210       0x2c C:/Freescale/CW MCU v11.1/MCU/ARM_GCC_Support/ewl/lib/armv6-m\libc.a(exit.o)
 .debug_frame   0x0000223c       0x28 C:/Freescale/CW MCU v11.1/MCU/ARM_GCC_Support/ewl/lib/armv6-m\libc.a(memset.o)
 .debug_frame   0x00002264       0x2c C:/Freescale/CW MCU v11.1/MCU/ARM_GCC_Support/ewl/lib/armv6-m\libc.a(__filll_mem.o)
 .debug_frame   0x00002290       0x28 C:/Freescale/CW MCU v11.1/MCU/ARM_GCC_Support/ewl/lib/armv6-m\libc.a(strcat.o)
 .debug_frame   0x000022b8       0x28 C:/Freescale/CW MCU v11.1/MCU/ARM_GCC_Support/ewl/lib/armv6-m\libc.a(memcpy.o)
 .debug_frame   0x000022e0       0x2c C:/Freescale/CW MCU v11.1/MCU/ARM_GCC_Support/ewl/lib/armv6-m\libc.a(strtok.o)
 .debug_frame   0x0000230c       0x28 C:/Freescale/CW MCU v11.1/MCU/ARM_GCC_Support/ewl/lib/armv6-m\libc.a(strlen.o)
 .debug_frame   0x00002334       0x54 C:/Freescale/CW MCU v11.1/MCU/ARM_GCC_Support/ewl/lib/armv6-m\libc.a(printformat_.o)
 .debug_frame   0x00002388       0x34 C:/Freescale/CW MCU v11.1/MCU/ARM_GCC_Support/ewl/lib/armv6-m\libc.a(scanformat_.o)
 .debug_frame   0x000023bc      0x158 C:/Freescale/CW MCU v11.1/MCU/ARM_GCC_Support/ewl/lib/armv6-m\libc.a(ctype_aeabi.o)
 .debug_frame   0x00002514       0x30 C:/Freescale/CW MCU v11.1/MCU/ARM_GCC_Support/ewl/lib/armv6-m\libc.a(__strtoul.o)
 .debug_frame   0x00002544       0x28 C:/Freescale/CW MCU v11.1/MCU/ARM_GCC_Support/ewl/lib/armv6-m\libc.a(strchr.o)
 .debug_frame   0x0000256c       0x28 C:/Freescale/CW MCU v11.1/MCU/ARM_GCC_Support/ewl/lib/armv6-m\libc.a(memchr.o)
 .debug_frame   0x00002594       0x20 c:/freescale/cw mcu v11.1/cross_tools/arm-none-eabi-gcc-4_7_3/bin/../lib/gcc/arm-none-eabi/4.7.3/armv6-m\libgcc.a(_udivsi3.o)
 .debug_frame   0x000025b4       0x20 c:/freescale/cw mcu v11.1/cross_tools/arm-none-eabi-gcc-4_7_3/bin/../lib/gcc/arm-none-eabi/4.7.3/armv6-m\libgcc.a(_divsi3.o)
 .debug_frame   0x000025d4       0x40 C:/Freescale/CW MCU v11.1/MCU/ARM_GCC_Support/ewl/lib/armv6-m\librt.a(gcc_ctor_dtor.o)
 .debug_frame   0x00002614       0xbc C:/Freescale/CW MCU v11.1/MCU/ARM_GCC_Support/ewl/lib/armv6-m\librt.a(__arm_eabi_init.o)
 .debug_frame   0x000026d0       0x54 C:/Freescale/CW MCU v11.1/MCU/ARM_GCC_Support/ewl/lib/armv6-m\librt.a(ROMCopy.o)
